
Copyright (C) 1994-2018 Synopsys, Inc.
This Synopsys software and all associated documentation are proprietary to Synopsys, Inc.
and may only be used pursuant to the terms and conditions of a written license agreement
with Synopsys, Inc. All other use, reproduction, modification, or distribution of the
Synopsys software or the associated documentation is strictly prohibited.
Tool: Synplify (R) Premier
Build: O-2018.09-SP1
Install: /vol/synopsys/fpga/O-2018.09-SP1
OS: Red Hat Enterprise Linux 8.7 (Ootpa)
Hostname: joker.ece.northwestern.edu
max virtual memory: unlimited (bytes)
max user processes: 62382
max stack size: 8388608 (bytes)


Implementation : rev_1

# Written on Mon May 15 15:31:07 2023

##### DESIGN INFO #######################################################

Top View:                "streamer"
Constraint File(s):      (none)




##### SUMMARY ############################################################

Found 0 issues in 0 out of 0 constraints


##### DETAILS ############################################################



Clock Relationships
*******************

Starting           Ending             |     rise to rise     |     fall to fall     |     rise to fall     |     fall to rise                     
-------------------------------------------------------------------------------------------------------------------------------------------------
streamer|clock     streamer|clock     |     1.273            |     No paths         |     No paths         |     No paths                         
=================================================================================================================================================
 Note: 'No paths' indicates there are no paths in the design for that pair of clock edges.
       'Diff grp' indicates that paths exist but the starting clock and ending clock are in different clock groups.


Unconstrained Start/End Points
******************************

p:in_empty
p:in_rd_en
p:instruction_out[0]
p:instruction_out[1]
p:instruction_out[2]
p:instruction_out[3]
p:instruction_out[4]
p:instruction_out[5]
p:instruction_out[6]
p:instruction_out[7]
p:instruction_out[8]
p:instruction_out[9]
p:instruction_out[10]
p:instruction_out[11]
p:instruction_out[12]
p:instruction_out[13]
p:instruction_out[14]
p:instruction_out[15]
p:instruction_out[16]
p:instruction_out[17]
p:instruction_out[18]
p:instruction_out[19]
p:instruction_out[20]
p:instruction_out[21]
p:instruction_out[22]
p:instruction_out[23]
p:instruction_out[24]
p:instruction_out[25]
p:instruction_out[26]
p:instruction_out[27]
p:instruction_out[28]
p:instruction_out[29]
p:instruction_out[30]
p:instruction_out[31]
p:instruction_out[32]
p:instruction_out[33]
p:instruction_out[34]
p:instruction_out[35]
p:instruction_out[36]
p:instruction_out[37]
p:instruction_out[38]
p:instruction_out[39]
p:instruction_out[40]
p:instruction_out[41]
p:instruction_out[42]
p:instruction_out[43]
p:instruction_out[44]
p:instruction_out[45]
p:instruction_out[46]
p:instruction_out[47]
p:instruction_out[48]
p:instruction_out[49]
p:instruction_out[50]
p:instruction_out[51]
p:instruction_out[52]
p:instruction_out[53]
p:instruction_out[54]
p:instruction_out[55]
p:instruction_out[56]
p:instruction_out[57]
p:instruction_out[58]
p:instruction_out[59]
p:instruction_out[60]
p:instruction_out[61]
p:instruction_out[62]
p:instruction_out[63]
p:instruction_out[64]
p:instruction_out[65]
p:instruction_out[66]
p:instruction_out[67]
p:instruction_out[68]
p:instruction_out[69]
p:instruction_out[70]
p:instruction_out[71]
p:instruction_out[72]
p:instruction_out[73]
p:instruction_out[74]
p:instruction_out[75]
p:instruction_out[76]
p:instruction_out[77]
p:instruction_out[78]
p:instruction_out[79]
p:instruction_out[80]
p:instruction_out[81]
p:instruction_out[82]
p:instruction_out[83]
p:instruction_out[84]
p:instruction_out[85]
p:instruction_out[86]
p:instruction_out[87]
p:instruction_out[88]
p:instruction_out[89]
p:instruction_out[90]
p:instruction_out[91]
p:instruction_out[92]
p:instruction_out[93]
p:instruction_out[94]
p:instruction_out[95]
p:instruction_out[96]
p:instruction_out[97]
p:instruction_out[98]
p:instruction_out[99]
p:instruction_out[100]
p:instruction_out[101]
p:instruction_out[102]
p:instruction_out[103]
p:instruction_out[104]
p:instruction_out[105]
p:instruction_out[106]
p:instruction_out[107]
p:instruction_out[108]
p:instruction_out[109]
p:instruction_out[110]
p:instruction_out[111]
p:instruction_out[112]
p:instruction_out[113]
p:instruction_out[114]
p:instruction_out[115]
p:instruction_out[116]
p:instruction_out[117]
p:instruction_out[118]
p:instruction_out[119]
p:instruction_out[120]
p:instruction_out[121]
p:instruction_out[122]
p:instruction_out[123]
p:instruction_out[124]
p:instruction_out[125]
p:instruction_out[126]
p:instruction_out[127]
p:instruction_out[128]
p:instruction_out[129]
p:instruction_out[130]
p:instruction_out[131]
p:instruction_out[132]
p:instruction_out[133]
p:instruction_out[134]
p:instruction_out[135]
p:instruction_out[136]
p:instruction_out[137]
p:instruction_out[138]
p:instruction_out[139]
p:instruction_out[140]
p:instruction_out[141]
p:instruction_out[142]
p:instruction_out[143]
p:instruction_out[144]
p:instruction_out[145]
p:instruction_out[146]
p:instruction_out[147]
p:instruction_out[148]
p:instruction_out[149]
p:instruction_out[150]
p:instruction_out[151]
p:instruction_out[152]
p:instruction_out[153]
p:instruction_out[154]
p:instruction_out[155]
p:instruction_out[156]
p:instruction_out[157]
p:instruction_out[158]
p:instruction_out[159]
p:instruction_out[160]
p:instruction_out[161]
p:instruction_out[162]
p:instruction_out[163]
p:instruction_out[164]
p:instruction_out[165]
p:instruction_out[166]
p:instruction_out[167]
p:instruction_out[168]
p:instruction_out[169]
p:instruction_out[170]
p:instruction_out[171]
p:instruction_out[172]
p:instruction_out[173]
p:instruction_out[174]
p:instruction_out[175]
p:instruction_out[176]
p:instruction_out[177]
p:instruction_out[178]
p:instruction_out[179]
p:instruction_out[180]
p:instruction_out[181]
p:instruction_out[182]
p:instruction_out[183]
p:instruction_out[184]
p:instruction_out[185]
p:instruction_out[186]
p:instruction_out[187]
p:instruction_out[188]
p:instruction_out[189]
p:instruction_out[190]
p:instruction_out[191]
p:instruction_out[192]
p:instruction_out[193]
p:instruction_out[194]
p:instruction_out[195]
p:instruction_out[196]
p:instruction_out[197]
p:instruction_out[198]
p:instruction_out[199]
p:instruction_out[200]
p:instruction_out[201]
p:instruction_out[202]
p:instruction_out[203]
p:instruction_out[204]
p:instruction_out[205]
p:instruction_out[206]
p:instruction_out[207]
p:instruction_out[208]
p:instruction_out[209]
p:instruction_out[210]
p:instruction_out[211]
p:instruction_out[212]
p:instruction_out[213]
p:instruction_out[214]
p:instruction_out[215]
p:instruction_out[216]
p:instruction_out[217]
p:instruction_out[218]
p:instruction_out[219]
p:instruction_out[220]
p:instruction_out[221]
p:instruction_out[222]
p:instruction_out[223]
p:instruction_out[224]
p:instruction_out[225]
p:instruction_out[226]
p:instruction_out[227]
p:instruction_out[228]
p:instruction_out[229]
p:instruction_out[230]
p:instruction_out[231]
p:instruction_out[232]
p:instruction_out[233]
p:instruction_out[234]
p:instruction_out[235]
p:instruction_out[236]
p:instruction_out[237]
p:instruction_out[238]
p:instruction_out[239]
p:instruction_out[240]
p:instruction_out[241]
p:instruction_out[242]
p:instruction_out[243]
p:instruction_out[244]
p:instruction_out[245]
p:instruction_out[246]
p:instruction_out[247]
p:instruction_out[248]
p:instruction_out[249]
p:instruction_out[250]
p:instruction_out[251]
p:instruction_out[252]
p:instruction_out[253]
p:instruction_out[254]
p:instruction_out[255]
p:instruction_out[256]
p:instruction_out[257]
p:instruction_out[258]
p:instruction_out[259]
p:instruction_out[260]
p:instruction_out[261]
p:instruction_out[262]
p:instruction_out[263]
p:instruction_out[264]
p:instruction_out[265]
p:instruction_out[266]
p:instruction_out[267]
p:instruction_out[268]
p:instruction_out[269]
p:instruction_out[270]
p:instruction_out[271]
p:instruction_out[272]
p:instruction_out[273]
p:instruction_out[274]
p:instruction_out[275]
p:instruction_out[276]
p:instruction_out[277]
p:instruction_out[278]
p:instruction_out[279]
p:instruction_out[280]
p:instruction_out[281]
p:instruction_out[282]
p:instruction_out[283]
p:instruction_out[284]
p:instruction_out[285]
p:instruction_out[286]
p:instruction_out[287]
p:instruction_out[288]
p:instruction_out[289]
p:instruction_out[290]
p:instruction_out[291]
p:instruction_out[292]
p:instruction_out[293]
p:instruction_out[294]
p:instruction_out[295]
p:instruction_out[296]
p:instruction_out[297]
p:instruction_out[298]
p:instruction_out[299]
p:instruction_out[300]
p:instruction_out[301]
p:instruction_out[302]
p:instruction_out[303]
p:instruction_out[304]
p:instruction_out[305]
p:instruction_out[306]
p:instruction_out[307]
p:instruction_out[308]
p:instruction_out[309]
p:instruction_out[310]
p:instruction_out[311]
p:instruction_out[312]
p:instruction_out[313]
p:instruction_out[314]
p:instruction_out[315]
p:instruction_out[316]
p:instruction_out[317]
p:instruction_out[318]
p:instruction_out[319]
p:instruction_out[320]
p:instruction_out[321]
p:instruction_out[322]
p:instruction_out[323]
p:instruction_out[324]
p:instruction_out[325]
p:instruction_out[326]
p:instruction_out[327]
p:instruction_out[328]
p:instruction_out[329]
p:instruction_out[330]
p:instruction_out[331]
p:instruction_out[332]
p:instruction_out[333]
p:instruction_out[334]
p:instruction_out[335]
p:instruction_out[336]
p:instruction_out[337]
p:instruction_out[338]
p:instruction_out[339]
p:instruction_out[340]
p:instruction_out[341]
p:instruction_out[342]
p:instruction_out[343]
p:instruction_out[344]
p:instruction_out[345]
p:instruction_out[346]
p:instruction_out[347]
p:instruction_out[348]
p:instruction_out[349]
p:instruction_out[350]
p:instruction_out[351]
p:instruction_out[352]
p:instruction_out[353]
p:instruction_out[354]
p:instruction_out[355]
p:instruction_out[356]
p:instruction_out[357]
p:instruction_out[358]
p:instruction_out[359]
p:instruction_out[360]
p:instruction_out[361]
p:instruction_out[362]
p:instruction_out[363]
p:instruction_out[364]
p:instruction_out[365]
p:instruction_out[366]
p:instruction_out[367]
p:instruction_out[368]
p:instruction_out[369]
p:instruction_out[370]
p:instruction_out[371]
p:instruction_out[372]
p:instruction_out[373]
p:instruction_out[374]
p:instruction_out[375]
p:instruction_out[376]
p:instruction_out[377]
p:instruction_out[378]
p:instruction_out[379]
p:instruction_out[380]
p:instruction_out[381]
p:instruction_out[382]
p:instruction_out[383]
p:instruction_out[384]
p:instruction_out[385]
p:instruction_out[386]
p:instruction_out[387]
p:instruction_out[388]
p:instruction_out[389]
p:instruction_out[390]
p:instruction_out[391]
p:instruction_out[392]
p:instruction_out[393]
p:instruction_out[394]
p:instruction_out[395]
p:instruction_out[396]
p:instruction_out[397]
p:instruction_out[398]
p:instruction_out[399]
p:instruction_out[400]
p:instruction_out[401]
p:instruction_out[402]
p:instruction_out[403]
p:instruction_out[404]
p:instruction_out[405]
p:instruction_out[406]
p:instruction_out[407]
p:instruction_out[408]
p:instruction_out[409]
p:instruction_out[410]
p:instruction_out[411]
p:instruction_out[412]
p:instruction_out[413]
p:instruction_out[414]
p:instruction_out[415]
p:instruction_out[416]
p:instruction_out[417]
p:instruction_out[418]
p:instruction_out[419]
p:instruction_out[420]
p:instruction_out[421]
p:instruction_out[422]
p:instruction_out[423]
p:instruction_out[424]
p:instruction_out[425]
p:instruction_out[426]
p:instruction_out[427]
p:instruction_out[428]
p:instruction_out[429]
p:instruction_out[430]
p:instruction_out[431]
p:instruction_out[432]
p:instruction_out[433]
p:instruction_out[434]
p:instruction_out[435]
p:instruction_out[436]
p:instruction_out[437]
p:instruction_out[438]
p:instruction_out[439]
p:instruction_out[440]
p:instruction_out[441]
p:instruction_out[442]
p:instruction_out[443]
p:instruction_out[444]
p:instruction_out[445]
p:instruction_out[446]
p:instruction_out[447]
p:instruction_out[448]
p:instruction_out[449]
p:instruction_out[450]
p:instruction_out[451]
p:instruction_out[452]
p:instruction_out[453]
p:instruction_out[454]
p:instruction_out[455]
p:instruction_out[456]
p:instruction_out[457]
p:instruction_out[458]
p:instruction_out[459]
p:instruction_out[460]
p:instruction_out[461]
p:instruction_out[462]
p:instruction_out[463]
p:instruction_out[464]
p:instruction_out[465]
p:instruction_out[466]
p:instruction_out[467]
p:instruction_out[468]
p:instruction_out[469]
p:instruction_out[470]
p:instruction_out[471]
p:instruction_out[472]
p:instruction_out[473]
p:instruction_out[474]
p:instruction_out[475]
p:instruction_out[476]
p:instruction_out[477]
p:instruction_out[478]
p:instruction_out[479]
p:instruction_out[480]
p:instruction_out[481]
p:instruction_out[482]
p:instruction_out[483]
p:instruction_out[484]
p:instruction_out[485]
p:instruction_out[486]
p:instruction_out[487]
p:instruction_out[488]
p:instruction_out[489]
p:instruction_out[490]
p:instruction_out[491]
p:instruction_out[492]
p:instruction_out[493]
p:instruction_out[494]
p:instruction_out[495]
p:instruction_out[496]
p:instruction_out[497]
p:instruction_out[498]
p:instruction_out[499]
p:instruction_out[500]
p:instruction_out[501]
p:instruction_out[502]
p:instruction_out[503]
p:instruction_out[504]
p:instruction_out[505]
p:instruction_out[506]
p:instruction_out[507]
p:instruction_out[508]
p:instruction_out[509]
p:instruction_out[510]
p:instruction_out[511]
p:instruction_out[512]
p:instruction_out[513]
p:instruction_out[514]
p:instruction_out[515]
p:instruction_out[516]
p:instruction_out[517]
p:instruction_out[518]
p:instruction_out[519]
p:instruction_out[520]
p:instruction_out[521]
p:instruction_out[522]
p:instruction_out[523]
p:instruction_out[524]
p:instruction_out[525]
p:instruction_out[526]
p:instruction_out[527]
p:instruction_out[528]
p:instruction_out[529]
p:instruction_out[530]
p:instruction_out[531]
p:instruction_out[532]
p:instruction_out[533]
p:instruction_out[534]
p:instruction_out[535]
p:instruction_out[536]
p:instruction_out[537]
p:instruction_out[538]
p:instruction_out[539]
p:instruction_out[540]
p:instruction_out[541]
p:instruction_out[542]
p:instruction_out[543]
p:instruction_out[544]
p:instruction_out[545]
p:instruction_out[546]
p:instruction_out[547]
p:instruction_out[548]
p:instruction_out[549]
p:instruction_out[550]
p:instruction_out[551]
p:instruction_out[552]
p:instruction_out[553]
p:instruction_out[554]
p:instruction_out[555]
p:instruction_out[556]
p:instruction_out[557]
p:instruction_out[558]
p:instruction_out[559]
p:instruction_out[560]
p:instruction_out[561]
p:instruction_out[562]
p:instruction_out[563]
p:instruction_out[564]
p:instruction_out[565]
p:instruction_out[566]
p:instruction_out[567]
p:instruction_out[568]
p:instruction_out[569]
p:instruction_out[570]
p:instruction_out[571]
p:instruction_out[572]
p:instruction_out[573]
p:instruction_out[574]
p:instruction_out[575]
p:mem_addr[0]
p:mem_addr[1]
p:mem_addr[2]
p:mem_addr[3]
p:mem_addr[4]
p:mem_addr[5]
p:mem_addr[6]
p:mem_addr[7]
p:mem_addr[8]
p:mem_addr[9]
p:mem_addr[10]
p:mem_addr[11]
p:mem_data[0]
p:mem_data[1]
p:mem_data[2]
p:mem_data[3]
p:mem_data[4]
p:mem_data[5]
p:mem_data[6]
p:mem_data[7]
p:mem_data[8]
p:mem_data[9]
p:mem_data[10]
p:mem_data[11]
p:mem_data[12]
p:mem_data[13]
p:mem_data[14]
p:mem_data[15]
p:mem_data[16]
p:mem_data[17]
p:mem_data[18]
p:mem_data[19]
p:mem_data[20]
p:mem_data[21]
p:mem_data[22]
p:mem_data[23]
p:mem_data[24]
p:mem_data[25]
p:mem_data[26]
p:mem_data[27]
p:mem_data[28]
p:mem_data[29]
p:mem_data[30]
p:mem_data[31]
p:mem_data[32]
p:mem_data[33]
p:mem_data[34]
p:mem_data[35]
p:mem_data[36]
p:mem_data[37]
p:mem_data[38]
p:mem_data[39]
p:mem_data[40]
p:mem_data[41]
p:mem_data[42]
p:mem_data[43]
p:mem_data[44]
p:mem_data[45]
p:mem_data[46]
p:mem_data[47]
p:mem_data[48]
p:mem_data[49]
p:mem_data[50]
p:mem_data[51]
p:mem_data[52]
p:mem_data[53]
p:mem_data[54]
p:mem_data[55]
p:mem_data[56]
p:mem_data[57]
p:mem_data[58]
p:mem_data[59]
p:mem_data[60]
p:mem_data[61]
p:mem_data[62]
p:mem_data[63]
p:mem_data[64]
p:mem_data[65]
p:mem_data[66]
p:mem_data[67]
p:mem_data[68]
p:mem_data[69]
p:mem_data[70]
p:mem_data[71]
p:mem_data[72]
p:mem_data[73]
p:mem_data[74]
p:mem_data[75]
p:mem_data[76]
p:mem_data[77]
p:mem_data[78]
p:mem_data[79]
p:mem_data[80]
p:mem_data[81]
p:mem_data[82]
p:mem_data[83]
p:mem_data[84]
p:mem_data[85]
p:mem_data[86]
p:mem_data[87]
p:mem_data[88]
p:mem_data[89]
p:mem_data[90]
p:mem_data[91]
p:mem_data[92]
p:mem_data[93]
p:mem_data[94]
p:mem_data[95]
p:mem_data[96]
p:mem_data[97]
p:mem_data[98]
p:mem_data[99]
p:mem_data[100]
p:mem_data[101]
p:mem_data[102]
p:mem_data[103]
p:mem_data[104]
p:mem_data[105]
p:mem_data[106]
p:mem_data[107]
p:mem_data[108]
p:mem_data[109]
p:mem_data[110]
p:mem_data[111]
p:mem_data[112]
p:mem_data[113]
p:mem_data[114]
p:mem_data[115]
p:mem_data[116]
p:mem_data[117]
p:mem_data[118]
p:mem_data[119]
p:mem_data[120]
p:mem_data[121]
p:mem_data[122]
p:mem_data[123]
p:mem_data[124]
p:mem_data[125]
p:mem_data[126]
p:mem_data[127]
p:mem_data[128]
p:mem_data[129]
p:mem_data[130]
p:mem_data[131]
p:mem_data[132]
p:mem_data[133]
p:mem_data[134]
p:mem_data[135]
p:mem_data[136]
p:mem_data[137]
p:mem_data[138]
p:mem_data[139]
p:mem_data[140]
p:mem_data[141]
p:mem_data[142]
p:mem_data[143]
p:mem_data[144]
p:mem_data[145]
p:mem_data[146]
p:mem_data[147]
p:mem_data[148]
p:mem_data[149]
p:mem_data[150]
p:mem_data[151]
p:mem_data[152]
p:mem_data[153]
p:mem_data[154]
p:mem_data[155]
p:mem_data[156]
p:mem_data[157]
p:mem_data[158]
p:mem_data[159]
p:mem_data[160]
p:mem_data[161]
p:mem_data[162]
p:mem_data[163]
p:mem_data[164]
p:mem_data[165]
p:mem_data[166]
p:mem_data[167]
p:mem_data[168]
p:mem_data[169]
p:mem_data[170]
p:mem_data[171]
p:mem_data[172]
p:mem_data[173]
p:mem_data[174]
p:mem_data[175]
p:mem_data[176]
p:mem_data[177]
p:mem_data[178]
p:mem_data[179]
p:mem_data[180]
p:mem_data[181]
p:mem_data[182]
p:mem_data[183]
p:mem_data[184]
p:mem_data[185]
p:mem_data[186]
p:mem_data[187]
p:mem_data[188]
p:mem_data[189]
p:mem_data[190]
p:mem_data[191]
p:mem_data[192]
p:mem_data[193]
p:mem_data[194]
p:mem_data[195]
p:mem_data[196]
p:mem_data[197]
p:mem_data[198]
p:mem_data[199]
p:mem_data[200]
p:mem_data[201]
p:mem_data[202]
p:mem_data[203]
p:mem_data[204]
p:mem_data[205]
p:mem_data[206]
p:mem_data[207]
p:mem_data[208]
p:mem_data[209]
p:mem_data[210]
p:mem_data[211]
p:mem_data[212]
p:mem_data[213]
p:mem_data[214]
p:mem_data[215]
p:mem_data[216]
p:mem_data[217]
p:mem_data[218]
p:mem_data[219]
p:mem_data[220]
p:mem_data[221]
p:mem_data[222]
p:mem_data[223]
p:mem_data[224]
p:mem_data[225]
p:mem_data[226]
p:mem_data[227]
p:mem_data[228]
p:mem_data[229]
p:mem_data[230]
p:mem_data[231]
p:mem_data[232]
p:mem_data[233]
p:mem_data[234]
p:mem_data[235]
p:mem_data[236]
p:mem_data[237]
p:mem_data[238]
p:mem_data[239]
p:mem_data[240]
p:mem_data[241]
p:mem_data[242]
p:mem_data[243]
p:mem_data[244]
p:mem_data[245]
p:mem_data[246]
p:mem_data[247]
p:mem_data[248]
p:mem_data[249]
p:mem_data[250]
p:mem_data[251]
p:mem_data[252]
p:mem_data[253]
p:mem_data[254]
p:mem_data[255]
p:mem_data[256]
p:mem_data[257]
p:mem_data[258]
p:mem_data[259]
p:mem_data[260]
p:mem_data[261]
p:mem_data[262]
p:mem_data[263]
p:mem_data[264]
p:mem_data[265]
p:mem_data[266]
p:mem_data[267]
p:mem_data[268]
p:mem_data[269]
p:mem_data[270]
p:mem_data[271]
p:mem_data[272]
p:mem_data[273]
p:mem_data[274]
p:mem_data[275]
p:mem_data[276]
p:mem_data[277]
p:mem_data[278]
p:mem_data[279]
p:mem_data[280]
p:mem_data[281]
p:mem_data[282]
p:mem_data[283]
p:mem_data[284]
p:mem_data[285]
p:mem_data[286]
p:mem_data[287]
p:mem_data[288]
p:mem_data[289]
p:mem_data[290]
p:mem_data[291]
p:mem_data[292]
p:mem_data[293]
p:mem_data[294]
p:mem_data[295]
p:mem_data[296]
p:mem_data[297]
p:mem_data[298]
p:mem_data[299]
p:mem_data[300]
p:mem_data[301]
p:mem_data[302]
p:mem_data[303]
p:mem_data[304]
p:mem_data[305]
p:mem_data[306]
p:mem_data[307]
p:mem_data[308]
p:mem_data[309]
p:mem_data[310]
p:mem_data[311]
p:mem_data[312]
p:mem_data[313]
p:mem_data[314]
p:mem_data[315]
p:mem_data[316]
p:mem_data[317]
p:mem_data[318]
p:mem_data[319]
p:mem_data[320]
p:mem_data[321]
p:mem_data[322]
p:mem_data[323]
p:mem_data[324]
p:mem_data[325]
p:mem_data[326]
p:mem_data[327]
p:mem_data[328]
p:mem_data[329]
p:mem_data[330]
p:mem_data[331]
p:mem_data[332]
p:mem_data[333]
p:mem_data[334]
p:mem_data[335]
p:mem_data[336]
p:mem_data[337]
p:mem_data[338]
p:mem_data[339]
p:mem_data[340]
p:mem_data[341]
p:mem_data[342]
p:mem_data[343]
p:mem_data[344]
p:mem_data[345]
p:mem_data[346]
p:mem_data[347]
p:mem_data[348]
p:mem_data[349]
p:mem_data[350]
p:mem_data[351]
p:mem_data[352]
p:mem_data[353]
p:mem_data[354]
p:mem_data[355]
p:mem_data[356]
p:mem_data[357]
p:mem_data[358]
p:mem_data[359]
p:mem_data[360]
p:mem_data[361]
p:mem_data[362]
p:mem_data[363]
p:mem_data[364]
p:mem_data[365]
p:mem_data[366]
p:mem_data[367]
p:mem_data[368]
p:mem_data[369]
p:mem_data[370]
p:mem_data[371]
p:mem_data[372]
p:mem_data[373]
p:mem_data[374]
p:mem_data[375]
p:mem_data[376]
p:mem_data[377]
p:mem_data[378]
p:mem_data[379]
p:mem_data[380]
p:mem_data[381]
p:mem_data[382]
p:mem_data[383]
p:out_full
p:out_wr_en
p:ray_in[0]
p:ray_in[1]
p:ray_in[2]
p:ray_in[3]
p:ray_in[4]
p:ray_in[5]
p:ray_in[6]
p:ray_in[7]
p:ray_in[8]
p:ray_in[9]
p:ray_in[10]
p:ray_in[11]
p:ray_in[12]
p:ray_in[13]
p:ray_in[14]
p:ray_in[15]
p:ray_in[16]
p:ray_in[17]
p:ray_in[18]
p:ray_in[19]
p:ray_in[20]
p:ray_in[21]
p:ray_in[22]
p:ray_in[23]
p:ray_in[24]
p:ray_in[25]
p:ray_in[26]
p:ray_in[27]
p:ray_in[28]
p:ray_in[29]
p:ray_in[30]
p:ray_in[31]
p:ray_in[32]
p:ray_in[33]
p:ray_in[34]
p:ray_in[35]
p:ray_in[36]
p:ray_in[37]
p:ray_in[38]
p:ray_in[39]
p:ray_in[40]
p:ray_in[41]
p:ray_in[42]
p:ray_in[43]
p:ray_in[44]
p:ray_in[45]
p:ray_in[46]
p:ray_in[47]
p:ray_in[48]
p:ray_in[49]
p:ray_in[50]
p:ray_in[51]
p:ray_in[52]
p:ray_in[53]
p:ray_in[54]
p:ray_in[55]
p:ray_in[56]
p:ray_in[57]
p:ray_in[58]
p:ray_in[59]
p:ray_in[60]
p:ray_in[61]
p:ray_in[62]
p:ray_in[63]
p:ray_in[64]
p:ray_in[65]
p:ray_in[66]
p:ray_in[67]
p:ray_in[68]
p:ray_in[69]
p:ray_in[70]
p:ray_in[71]
p:ray_in[72]
p:ray_in[73]
p:ray_in[74]
p:ray_in[75]
p:ray_in[76]
p:ray_in[77]
p:ray_in[78]
p:ray_in[79]
p:ray_in[80]
p:ray_in[81]
p:ray_in[82]
p:ray_in[83]
p:ray_in[84]
p:ray_in[85]
p:ray_in[86]
p:ray_in[87]
p:ray_in[88]
p:ray_in[89]
p:ray_in[90]
p:ray_in[91]
p:ray_in[92]
p:ray_in[93]
p:ray_in[94]
p:ray_in[95]
p:ray_in[96]
p:ray_in[97]
p:ray_in[98]
p:ray_in[99]
p:ray_in[100]
p:ray_in[101]
p:ray_in[102]
p:ray_in[103]
p:ray_in[104]
p:ray_in[105]
p:ray_in[106]
p:ray_in[107]
p:ray_in[108]
p:ray_in[109]
p:ray_in[110]
p:ray_in[111]
p:ray_in[112]
p:ray_in[113]
p:ray_in[114]
p:ray_in[115]
p:ray_in[116]
p:ray_in[117]
p:ray_in[118]
p:ray_in[119]
p:ray_in[120]
p:ray_in[121]
p:ray_in[122]
p:ray_in[123]
p:ray_in[124]
p:ray_in[125]
p:ray_in[126]
p:ray_in[127]
p:ray_in[128]
p:ray_in[129]
p:ray_in[130]
p:ray_in[131]
p:ray_in[132]
p:ray_in[133]
p:ray_in[134]
p:ray_in[135]
p:ray_in[136]
p:ray_in[137]
p:ray_in[138]
p:ray_in[139]
p:ray_in[140]
p:ray_in[141]
p:ray_in[142]
p:ray_in[143]
p:ray_in[144]
p:ray_in[145]
p:ray_in[146]
p:ray_in[147]
p:ray_in[148]
p:ray_in[149]
p:ray_in[150]
p:ray_in[151]
p:ray_in[152]
p:ray_in[153]
p:ray_in[154]
p:ray_in[155]
p:ray_in[156]
p:ray_in[157]
p:ray_in[158]
p:ray_in[159]
p:ray_in[160]
p:ray_in[161]
p:ray_in[162]
p:ray_in[163]
p:ray_in[164]
p:ray_in[165]
p:ray_in[166]
p:ray_in[167]
p:ray_in[168]
p:ray_in[169]
p:ray_in[170]
p:ray_in[171]
p:ray_in[172]
p:ray_in[173]
p:ray_in[174]
p:ray_in[175]
p:ray_in[176]
p:ray_in[177]
p:ray_in[178]
p:ray_in[179]
p:ray_in[180]
p:ray_in[181]
p:ray_in[182]
p:ray_in[183]
p:ray_in[184]
p:ray_in[185]
p:ray_in[186]
p:ray_in[187]
p:ray_in[188]
p:ray_in[189]
p:ray_in[190]
p:ray_in[191]
p:reset


Inapplicable constraints
************************

(none)


Applicable constraints with issues
**********************************

(none)


Constraints with matching wildcard expressions
**********************************************

(none)


Library Report
**************


# End of Constraint Checker Report
