Flow report for ray_trace_final
Wed May 31 17:19:14 2023
Quartus Prime Version 22.1std.1 Build 917 02/14/2023 SC Lite Edition


---------------------
; Table of Contents ;
---------------------
  1. Legal Notice
  2. Flow Summary
  3. Flow Settings
  4. Flow Non-Default Global Settings
  5. Flow Elapsed Time
  6. Flow OS Summary
  7. Flow Log
  8. Flow Messages
  9. Flow Suppressed Messages



----------------
; Legal Notice ;
----------------
Copyright (C) 2023  Intel Corporation. All rights reserved.
Your use of Intel Corporation's design tools, logic functions 
and other software and tools, and any partner logic 
functions, and any output files from any of the foregoing 
(including device programming or simulation files), and any 
associated documentation or information are expressly subject 
to the terms and conditions of the Intel Program License 
Subscription Agreement, the Intel Quartus Prime License Agreement,
the Intel FPGA IP License Agreement, or other applicable license
agreement, including, without limitation, that your use is for
the sole purpose of programming logic devices manufactured by
Intel and sold by Intel or its authorized distributors.  Please
refer to the applicable agreement for further details, at
https://fpgasoftware.intel.com/eula.



+----------------------------------------------------------------------------------+
; Flow Summary                                                                     ;
+---------------------------------+------------------------------------------------+
; Flow Status                     ; Successful - Wed May 31 17:19:06 2023          ;
; Quartus Prime Version           ; 22.1std.1 Build 917 02/14/2023 SC Lite Edition ;
; Revision Name                   ; ray_trace_final                                ;
; Top-level Entity Name           ; ray_trace_final                                ;
; Family                          ; Cyclone V                                      ;
; Device                          ; 5CEBA9F23C7                                    ;
; Timing Models                   ; Final                                          ;
; Logic utilization (in ALMs)     ; N/A                                            ;
; Total registers                 ; 429663                                         ;
; Total pins                      ; 10                                             ;
; Total virtual pins              ; 0                                              ;
; Total block memory bits         ; 102,912                                        ;
; Total DSP Blocks                ; 33                                             ;
; Total HSSI RX PCSs              ; 0                                              ;
; Total HSSI PMA RX Deserializers ; 0                                              ;
; Total HSSI TX PCSs              ; 0                                              ;
; Total HSSI PMA TX Serializers   ; 0                                              ;
; Total PLLs                      ; 0                                              ;
; Total DLLs                      ; 0                                              ;
+---------------------------------+------------------------------------------------+


+-----------------------------------------+
; Flow Settings                           ;
+-------------------+---------------------+
; Option            ; Setting             ;
+-------------------+---------------------+
; Start date & time ; 05/31/2023 17:08:29 ;
; Main task         ; Compilation         ;
; Revision Name     ; ray_trace_final     ;
+-------------------+---------------------+


+-----------------------------------------------------------------------------------------------------------------------------------------------------------------+
; Flow Non-Default Global Settings                                                                                                                                ;
+-------------------------------------------------+----------------------------------------+--------------------+-------------+-----------------------------------+
; Assignment Name                                 ; Value                                  ; Default Value      ; Entity Name ; Section Id                        ;
+-------------------------------------------------+----------------------------------------+--------------------+-------------+-----------------------------------+
; ADV_NETLIST_OPT_SYNTH_WYSIWYG_REMAP             ; On                                     ; Off                ; --          ; --                                ;
; ALLOW_ANY_SHIFT_REGISTER_SIZE_FOR_RECOGNITION   ; On                                     ; Off                ; --          ; --                                ;
; ALLOW_SHIFT_REGISTER_MERGING_ACROSS_HIERARCHIES ; Always                                 ; Auto               ; --          ; --                                ;
; AUTO_RAM_RECOGNITION                            ; Off                                    ; On                 ; --          ; --                                ;
; AUTO_RESOURCE_SHARING                           ; On                                     ; Off                ; --          ; --                                ;
; AUTO_SHIFT_REGISTER_RECOGNITION                 ; Off                                    ; Auto               ; --          ; --                                ;
; COMPILER_SIGNATURE_ID                           ; 264086605097680.168557090942036        ; --                 ; --          ; --                                ;
; EDA_GENERATE_FUNCTIONAL_NETLIST                 ; Off                                    ; --                 ; --          ; eda_board_design_timing           ;
; EDA_GENERATE_FUNCTIONAL_NETLIST                 ; Off                                    ; --                 ; --          ; eda_board_design_boundary_scan    ;
; EDA_GENERATE_FUNCTIONAL_NETLIST                 ; Off                                    ; --                 ; --          ; eda_board_design_signal_integrity ;
; EDA_GENERATE_FUNCTIONAL_NETLIST                 ; Off                                    ; --                 ; --          ; eda_board_design_symbol           ;
; EDA_OUTPUT_DATA_FORMAT                          ; Verilog Hdl                            ; --                 ; --          ; eda_simulation                    ;
; EDA_SIMULATION_TOOL                             ; Questa Intel FPGA (Verilog)            ; <None>             ; --          ; --                                ;
; EDA_TIME_SCALE                                  ; 1 ps                                   ; --                 ; --          ; eda_simulation                    ;
; FITTER_AGGRESSIVE_ROUTABILITY_OPTIMIZATION      ; Always                                 ; Automatically      ; --          ; --                                ;
; FITTER_EFFORT                                   ; Standard Fit                           ; Auto Fit           ; --          ; --                                ;
; MAX_CORE_JUNCTION_TEMP                          ; 85                                     ; --                 ; --          ; --                                ;
; MIN_CORE_JUNCTION_TEMP                          ; 0                                      ; --                 ; --          ; --                                ;
; MISC_FILE                                       ; test_rom_inst.v                        ; --                 ; --          ; --                                ;
; MISC_FILE                                       ; test_rom_bb.v                          ; --                 ; --          ; --                                ;
; MISC_FILE                                       ; ray_rom_bb.v                           ; --                 ; --          ; --                                ;
; MISC_FILE                                       ; tri_rom_bb.v                           ; --                 ; --          ; --                                ;
; MUX_RESTRUCTURE                                 ; On                                     ; Auto               ; --          ; --                                ;
; OPTIMIZATION_TECHNIQUE                          ; Area                                   ; Balanced           ; --          ; --                                ;
; OPTIMIZE_TIMING                                 ; Off                                    ; Normal compilation ; --          ; --                                ;
; PARTITION_COLOR                                 ; -- (Not supported for targeted family) ; --                 ; --          ; Top                               ;
; PARTITION_FITTER_PRESERVATION_LEVEL             ; -- (Not supported for targeted family) ; --                 ; --          ; Top                               ;
; PARTITION_NETLIST_TYPE                          ; -- (Not supported for targeted family) ; --                 ; --          ; Top                               ;
; POWER_BOARD_THERMAL_MODEL                       ; None (CONSERVATIVE)                    ; --                 ; --          ; --                                ;
; POWER_PRESET_COOLING_SOLUTION                   ; 23 MM HEAT SINK WITH 200 LFPM AIRFLOW  ; --                 ; --          ; --                                ;
; PROJECT_OUTPUT_DIRECTORY                        ; output_files                           ; --                 ; --          ; --                                ;
; REMOVE_REDUNDANT_LOGIC_CELLS                    ; On                                     ; Off                ; --          ; --                                ;
; SMART_RECOMPILE                                 ; On                                     ; Off                ; --          ; --                                ;
+-------------------------------------------------+----------------------------------------+--------------------+-------------+-----------------------------------+


+--------------------------------------------------------------------------------------------------------------------------+
; Flow Elapsed Time                                                                                                        ;
+----------------------+--------------+-------------------------+---------------------+------------------------------------+
; Module Name          ; Elapsed Time ; Average Processors Used ; Peak Virtual Memory ; Total CPU Time (on all processors) ;
+----------------------+--------------+-------------------------+---------------------+------------------------------------+
; Analysis & Synthesis ; 00:09:42     ; 3.4                     ; 9008 MB             ; 00:17:51                           ;
; Total                ; 00:09:42     ; --                      ; --                  ; 00:17:51                           ;
+----------------------+--------------+-------------------------+---------------------+------------------------------------+


+------------------------------------------------------------------------------------+
; Flow OS Summary                                                                    ;
+----------------------+------------------+------------+------------+----------------+
; Module Name          ; Machine Hostname ; OS Name    ; OS Version ; Processor type ;
+----------------------+------------------+------------+------------+----------------+
; Analysis & Synthesis ; LAPTOP-PPDL4DJJ  ; Windows 10 ; 10.0       ; x86_64         ;
+----------------------+------------------+------------+------------+----------------+


------------
; Flow Log ;
------------
quartus_map --read_settings_files=on --write_settings_files=off ray_trace_final -c ray_trace_final



