------------------------------------------------------------
Timing Analyzer Summary
------------------------------------------------------------

Type  : Slow 1100mV 100C Model Setup 'altera_reserved_tck'
Slack : 12.471
TNS   : 0.000

Type  : Slow 1100mV 100C Model Hold 'altera_reserved_tck'
Slack : 0.652
TNS   : 0.000

Type  : Slow 1100mV 100C Model Recovery 'altera_reserved_tck'
Slack : 30.256
TNS   : 0.000

Type  : Slow 1100mV 100C Model Removal 'altera_reserved_tck'
Slack : 1.069
TNS   : 0.000

Type  : Slow 1100mV 100C Model Minimum Pulse Width 'altera_reserved_tck'
Slack : 15.496
TNS   : 0.000

Type  : Slow 1100mV -40C Model Setup 'altera_reserved_tck'
Slack : 12.580
TNS   : 0.000

Type  : Slow 1100mV -40C Model Hold 'altera_reserved_tck'
Slack : 0.730
TNS   : 0.000

Type  : Slow 1100mV -40C Model Recovery 'altera_reserved_tck'
Slack : 30.421
TNS   : 0.000

Type  : Slow 1100mV -40C Model Removal 'altera_reserved_tck'
Slack : 1.012
TNS   : 0.000

Type  : Slow 1100mV -40C Model Minimum Pulse Width 'altera_reserved_tck'
Slack : 15.541
TNS   : 0.000

Type  : Fast 1100mV 100C Model Setup 'altera_reserved_tck'
Slack : 14.732
TNS   : 0.000

Type  : Fast 1100mV 100C Model Hold 'altera_reserved_tck'
Slack : 0.244
TNS   : 0.000

Type  : Fast 1100mV 100C Model Recovery 'altera_reserved_tck'
Slack : 31.455
TNS   : 0.000

Type  : Fast 1100mV 100C Model Removal 'altera_reserved_tck'
Slack : 0.442
TNS   : 0.000

Type  : Fast 1100mV 100C Model Minimum Pulse Width 'altera_reserved_tck'
Slack : 15.218
TNS   : 0.000

Type  : Fast 1100mV -40C Model Setup 'altera_reserved_tck'
Slack : 15.008
TNS   : 0.000

Type  : Fast 1100mV -40C Model Hold 'altera_reserved_tck'
Slack : 0.218
TNS   : 0.000

Type  : Fast 1100mV -40C Model Recovery 'altera_reserved_tck'
Slack : 31.722
TNS   : 0.000

Type  : Fast 1100mV -40C Model Removal 'altera_reserved_tck'
Slack : 0.346
TNS   : 0.000

Type  : Fast 1100mV -40C Model Minimum Pulse Width 'altera_reserved_tck'
Slack : 15.237
TNS   : 0.000

------------------------------------------------------------
