
Copyright (C) 1994-2018 Synopsys, Inc.
This Synopsys software and all associated documentation are proprietary to Synopsys, Inc.
and may only be used pursuant to the terms and conditions of a written license agreement
with Synopsys, Inc. All other use, reproduction, modification, or distribution of the
Synopsys software or the associated documentation is strictly prohibited.
Tool: Synplify (R) Premier
Build: O-2018.09-SP1
Install: /vol/synopsys/fpga/O-2018.09-SP1
OS: Red Hat Enterprise Linux 8.8 (Ootpa)
Hostname: joker.ece.northwestern.edu
max virtual memory: unlimited (bytes)
max user processes: 62115
max stack size: 8388608 (bytes)


Implementation : rev_1

# Written on Wed May 31 03:11:26 2023

##### DESIGN INFO #######################################################

Top View:                "ray_tracer_top"
Constraint File(s):      (none)




##### SUMMARY ############################################################

Found 0 issues in 0 out of 0 constraints


##### DETAILS ############################################################



Clock Relationships
*******************

Starting                 Ending                   |     rise to rise     |     fall to fall     |     rise to fall     |     fall to rise                     
-------------------------------------------------------------------------------------------------------------------------------------------------------------
ray_tracer_top|clock     ray_tracer_top|clock     |     5.240            |     No paths         |     No paths         |     No paths                         
=============================================================================================================================================================
 Note: 'No paths' indicates there are no paths in the design for that pair of clock edges.
       'Diff grp' indicates that paths exist but the starting clock and ending clock are in different clock groups.


Unconstrained Start/End Points
******************************

p:full_world_shader
p:in_full
p:in_wr_en
p:pixel_shader_world[0]
p:pixel_shader_world[1]
p:pixel_shader_world[2]
p:pixel_shader_world[3]
p:pixel_shader_world[4]
p:pixel_shader_world[5]
p:pixel_shader_world[6]
p:pixel_shader_world[7]
p:pixel_shader_world[8]
p:pixel_shader_world[9]
p:pixel_shader_world[10]
p:pixel_shader_world[11]
p:pixel_shader_world[12]
p:pixel_shader_world[13]
p:pixel_shader_world[14]
p:pixel_shader_world[15]
p:pixel_shader_world[16]
p:pixel_shader_world[17]
p:pixel_shader_world[18]
p:pixel_shader_world[19]
p:pixel_shader_world[20]
p:pixel_shader_world[21]
p:pixel_shader_world[22]
p:pixel_shader_world[23]
p:ray_in[0]
p:ray_in[1]
p:ray_in[2]
p:ray_in[3]
p:ray_in[4]
p:ray_in[5]
p:ray_in[6]
p:ray_in[7]
p:ray_in[8]
p:ray_in[9]
p:ray_in[10]
p:ray_in[11]
p:ray_in[12]
p:ray_in[13]
p:ray_in[14]
p:ray_in[15]
p:ray_in[16]
p:ray_in[17]
p:ray_in[18]
p:ray_in[19]
p:ray_in[20]
p:ray_in[21]
p:ray_in[22]
p:ray_in[23]
p:ray_in[24]
p:ray_in[25]
p:ray_in[26]
p:ray_in[27]
p:ray_in[28]
p:ray_in[29]
p:ray_in[30]
p:ray_in[31]
p:ray_in[32]
p:ray_in[33]
p:ray_in[34]
p:ray_in[35]
p:ray_in[36]
p:ray_in[37]
p:ray_in[38]
p:ray_in[39]
p:ray_in[40]
p:ray_in[41]
p:ray_in[42]
p:ray_in[43]
p:ray_in[44]
p:ray_in[45]
p:ray_in[46]
p:ray_in[47]
p:ray_in[48]
p:ray_in[49]
p:ray_in[50]
p:ray_in[51]
p:ray_in[52]
p:ray_in[53]
p:ray_in[54]
p:ray_in[55]
p:ray_in[56]
p:ray_in[57]
p:ray_in[58]
p:ray_in[59]
p:ray_in[60]
p:ray_in[61]
p:ray_in[62]
p:ray_in[63]
p:ray_in[64]
p:ray_in[65]
p:ray_in[66]
p:ray_in[67]
p:ray_in[68]
p:ray_in[69]
p:ray_in[70]
p:ray_in[71]
p:ray_in[72]
p:ray_in[73]
p:ray_in[74]
p:ray_in[75]
p:ray_in[76]
p:ray_in[77]
p:ray_in[78]
p:ray_in[79]
p:ray_in[80]
p:ray_in[81]
p:ray_in[82]
p:ray_in[83]
p:ray_in[84]
p:ray_in[85]
p:ray_in[86]
p:ray_in[87]
p:ray_in[88]
p:ray_in[89]
p:ray_in[90]
p:ray_in[91]
p:ray_in[92]
p:ray_in[93]
p:ray_in[94]
p:ray_in[95]
p:ray_in[96]
p:ray_in[97]
p:ray_in[98]
p:ray_in[99]
p:ray_in[100]
p:ray_in[101]
p:ray_in[102]
p:ray_in[103]
p:ray_in[104]
p:ray_in[105]
p:ray_in[106]
p:ray_in[107]
p:ray_in[108]
p:ray_in[109]
p:ray_in[110]
p:ray_in[111]
p:ray_in[112]
p:ray_in[113]
p:ray_in[114]
p:ray_in[115]
p:ray_in[116]
p:ray_in[117]
p:ray_in[118]
p:ray_in[119]
p:ray_in[120]
p:ray_in[121]
p:ray_in[122]
p:ray_in[123]
p:ray_in[124]
p:ray_in[125]
p:ray_in[126]
p:ray_in[127]
p:ray_in[128]
p:ray_in[129]
p:ray_in[130]
p:ray_in[131]
p:ray_in[132]
p:ray_in[133]
p:ray_in[134]
p:ray_in[135]
p:ray_in[136]
p:ray_in[137]
p:ray_in[138]
p:ray_in[139]
p:ray_in[140]
p:ray_in[141]
p:ray_in[142]
p:ray_in[143]
p:ray_in[144]
p:ray_in[145]
p:ray_in[146]
p:ray_in[147]
p:ray_in[148]
p:ray_in[149]
p:ray_in[150]
p:ray_in[151]
p:ray_in[152]
p:ray_in[153]
p:ray_in[154]
p:ray_in[155]
p:ray_in[156]
p:ray_in[157]
p:ray_in[158]
p:ray_in[159]
p:ray_in[160]
p:ray_in[161]
p:ray_in[162]
p:ray_in[163]
p:ray_in[164]
p:ray_in[165]
p:ray_in[166]
p:ray_in[167]
p:ray_in[168]
p:ray_in[169]
p:ray_in[170]
p:ray_in[171]
p:ray_in[172]
p:ray_in[173]
p:ray_in[174]
p:ray_in[175]
p:ray_in[176]
p:ray_in[177]
p:ray_in[178]
p:ray_in[179]
p:ray_in[180]
p:ray_in[181]
p:ray_in[182]
p:ray_in[183]
p:ray_in[184]
p:ray_in[185]
p:ray_in[186]
p:ray_in[187]
p:ray_in[188]
p:ray_in[189]
p:ray_in[190]
p:ray_in[191]
p:reset
p:wr_shader_world


Inapplicable constraints
************************

(none)


Applicable constraints with issues
**********************************

(none)


Constraints with matching wildcard expressions
**********************************************

(none)


Library Report
**************


# End of Constraint Checker Report
