
Copyright (C) 1994-2018 Synopsys, Inc.
This Synopsys software and all associated documentation are proprietary to Synopsys, Inc.
and may only be used pursuant to the terms and conditions of a written license agreement
with Synopsys, Inc. All other use, reproduction, modification, or distribution of the
Synopsys software or the associated documentation is strictly prohibited.
Tool: Synplify (R) Premier
Build: O-2018.09-SP1
Install: /vol/synopsys/fpga/O-2018.09-SP1
OS: Red Hat Enterprise Linux 8.8 (Ootpa)
Hostname: joker.ece.northwestern.edu
max virtual memory: unlimited (bytes)
max user processes: 62115
max stack size: 8388608 (bytes)


Implementation : rev_1

# Written on Thu May 25 00:57:24 2023

##### DESIGN INFO #######################################################

Top View:                "ray_tracer_top"
Constraint File(s):      (none)




##### SUMMARY ############################################################

Found 0 issues in 0 out of 0 constraints


##### DETAILS ############################################################



Clock Relationships
*******************

Starting                 Ending                   |     rise to rise     |     fall to fall     |     rise to fall     |     fall to rise                     
-------------------------------------------------------------------------------------------------------------------------------------------------------------
ray_tracer_top|clock     ray_tracer_top|clock     |     4.537            |     No paths         |     No paths         |     No paths                         
=============================================================================================================================================================
 Note: 'No paths' indicates there are no paths in the design for that pair of clock edges.
       'Diff grp' indicates that paths exist but the starting clock and ending clock are in different clock groups.


Unconstrained Start/End Points
******************************

p:hit_acc_shader
p:hit_hitb_acc
p:in_full
p:in_wr_en
p:instruction_read[0]
p:instruction_read[1]
p:instruction_read[2]
p:instruction_read[3]
p:instruction_read[4]
p:instruction_read[5]
p:instruction_read[6]
p:instruction_read[7]
p:instruction_read[8]
p:instruction_read[9]
p:instruction_read[10]
p:instruction_read[11]
p:instruction_read[12]
p:instruction_read[13]
p:instruction_read[14]
p:instruction_read[15]
p:instruction_read[16]
p:instruction_read[17]
p:instruction_read[18]
p:instruction_read[19]
p:instruction_read[20]
p:instruction_read[21]
p:instruction_read[22]
p:instruction_read[23]
p:instruction_read[24]
p:instruction_read[25]
p:instruction_read[26]
p:instruction_read[27]
p:instruction_read[28]
p:instruction_read[29]
p:instruction_read[30]
p:instruction_read[31]
p:instruction_read[32]
p:instruction_read[33]
p:instruction_read[34]
p:instruction_read[35]
p:instruction_read[36]
p:instruction_read[37]
p:instruction_read[38]
p:instruction_read[39]
p:instruction_read[40]
p:instruction_read[41]
p:instruction_read[42]
p:instruction_read[43]
p:instruction_read[44]
p:instruction_read[45]
p:instruction_read[46]
p:instruction_read[47]
p:instruction_read[48]
p:instruction_read[49]
p:instruction_read[50]
p:instruction_read[51]
p:instruction_read[52]
p:instruction_read[53]
p:instruction_read[54]
p:instruction_read[55]
p:instruction_read[56]
p:instruction_read[57]
p:instruction_read[58]
p:instruction_read[59]
p:instruction_read[60]
p:instruction_read[61]
p:instruction_read[62]
p:instruction_read[63]
p:instruction_read[64]
p:instruction_read[65]
p:instruction_read[66]
p:instruction_read[67]
p:instruction_read[68]
p:instruction_read[69]
p:instruction_read[70]
p:instruction_read[71]
p:instruction_read[72]
p:instruction_read[73]
p:instruction_read[74]
p:instruction_read[75]
p:instruction_read[76]
p:instruction_read[77]
p:instruction_read[78]
p:instruction_read[79]
p:instruction_read[80]
p:instruction_read[81]
p:instruction_read[82]
p:instruction_read[83]
p:instruction_read[84]
p:instruction_read[85]
p:instruction_read[86]
p:instruction_read[87]
p:instruction_read[88]
p:instruction_read[89]
p:instruction_read[90]
p:instruction_read[91]
p:instruction_read[92]
p:instruction_read[93]
p:instruction_read[94]
p:instruction_read[95]
p:instruction_read[96]
p:instruction_read[97]
p:instruction_read[98]
p:instruction_read[99]
p:instruction_read[100]
p:instruction_read[101]
p:instruction_read[102]
p:instruction_read[103]
p:instruction_read[104]
p:instruction_read[105]
p:instruction_read[106]
p:instruction_read[107]
p:instruction_read[108]
p:instruction_read[109]
p:instruction_read[110]
p:instruction_read[111]
p:instruction_read[112]
p:instruction_read[113]
p:instruction_read[114]
p:instruction_read[115]
p:instruction_read[116]
p:instruction_read[117]
p:instruction_read[118]
p:instruction_read[119]
p:instruction_read[120]
p:instruction_read[121]
p:instruction_read[122]
p:instruction_read[123]
p:instruction_read[124]
p:instruction_read[125]
p:instruction_read[126]
p:instruction_read[127]
p:instruction_read[128]
p:instruction_read[129]
p:instruction_read[130]
p:instruction_read[131]
p:instruction_read[132]
p:instruction_read[133]
p:instruction_read[134]
p:instruction_read[135]
p:instruction_read[136]
p:instruction_read[137]
p:instruction_read[138]
p:instruction_read[139]
p:instruction_read[140]
p:instruction_read[141]
p:instruction_read[142]
p:instruction_read[143]
p:instruction_read[144]
p:instruction_read[145]
p:instruction_read[146]
p:instruction_read[147]
p:instruction_read[148]
p:instruction_read[149]
p:instruction_read[150]
p:instruction_read[151]
p:instruction_read[152]
p:instruction_read[153]
p:instruction_read[154]
p:instruction_read[155]
p:instruction_read[156]
p:instruction_read[157]
p:instruction_read[158]
p:instruction_read[159]
p:instruction_read[160]
p:instruction_read[161]
p:instruction_read[162]
p:instruction_read[163]
p:instruction_read[164]
p:instruction_read[165]
p:instruction_read[166]
p:instruction_read[167]
p:instruction_read[168]
p:instruction_read[169]
p:instruction_read[170]
p:instruction_read[171]
p:instruction_read[172]
p:instruction_read[173]
p:instruction_read[174]
p:instruction_read[175]
p:instruction_read[176]
p:instruction_read[177]
p:instruction_read[178]
p:instruction_read[179]
p:instruction_read[180]
p:instruction_read[181]
p:instruction_read[182]
p:instruction_read[183]
p:instruction_read[184]
p:instruction_read[185]
p:instruction_read[186]
p:instruction_read[187]
p:instruction_read[188]
p:instruction_read[189]
p:instruction_read[190]
p:instruction_read[191]
p:instruction_read[192]
p:instruction_read[193]
p:instruction_read[194]
p:instruction_read[195]
p:instruction_read[196]
p:instruction_read[197]
p:instruction_read[198]
p:instruction_read[199]
p:instruction_read[200]
p:instruction_read[201]
p:instruction_read[202]
p:instruction_read[203]
p:instruction_read[204]
p:instruction_read[205]
p:instruction_read[206]
p:instruction_read[207]
p:instruction_read[208]
p:instruction_read[209]
p:instruction_read[210]
p:instruction_read[211]
p:instruction_read[212]
p:instruction_read[213]
p:instruction_read[214]
p:instruction_read[215]
p:instruction_read[216]
p:instruction_read[217]
p:instruction_read[218]
p:instruction_read[219]
p:instruction_read[220]
p:instruction_read[221]
p:instruction_read[222]
p:instruction_read[223]
p:instruction_read[224]
p:instruction_read[225]
p:instruction_read[226]
p:instruction_read[227]
p:instruction_read[228]
p:instruction_read[229]
p:instruction_read[230]
p:instruction_read[231]
p:instruction_read[232]
p:instruction_read[233]
p:instruction_read[234]
p:instruction_read[235]
p:instruction_read[236]
p:instruction_read[237]
p:instruction_read[238]
p:instruction_read[239]
p:instruction_read[240]
p:instruction_read[241]
p:instruction_read[242]
p:instruction_read[243]
p:instruction_read[244]
p:instruction_read[245]
p:instruction_read[246]
p:instruction_read[247]
p:instruction_read[248]
p:instruction_read[249]
p:instruction_read[250]
p:instruction_read[251]
p:instruction_read[252]
p:instruction_read[253]
p:instruction_read[254]
p:instruction_read[255]
p:instruction_read[256]
p:instruction_read[257]
p:instruction_read[258]
p:instruction_read[259]
p:instruction_read[260]
p:instruction_read[261]
p:instruction_read[262]
p:instruction_read[263]
p:instruction_read[264]
p:instruction_read[265]
p:instruction_read[266]
p:instruction_read[267]
p:instruction_read[268]
p:instruction_read[269]
p:instruction_read[270]
p:instruction_read[271]
p:instruction_read[272]
p:instruction_read[273]
p:instruction_read[274]
p:instruction_read[275]
p:instruction_read[276]
p:instruction_read[277]
p:instruction_read[278]
p:instruction_read[279]
p:instruction_read[280]
p:instruction_read[281]
p:instruction_read[282]
p:instruction_read[283]
p:instruction_read[284]
p:instruction_read[285]
p:instruction_read[286]
p:instruction_read[287]
p:instruction_read[288]
p:instruction_read[289]
p:instruction_read[290]
p:instruction_read[291]
p:instruction_read[292]
p:instruction_read[293]
p:instruction_read[294]
p:instruction_read[295]
p:instruction_read[296]
p:instruction_read[297]
p:instruction_read[298]
p:instruction_read[299]
p:instruction_read[300]
p:instruction_read[301]
p:instruction_read[302]
p:instruction_read[303]
p:instruction_read[304]
p:instruction_read[305]
p:instruction_read[306]
p:instruction_read[307]
p:instruction_read[308]
p:instruction_read[309]
p:instruction_read[310]
p:instruction_read[311]
p:instruction_read[312]
p:instruction_read[313]
p:instruction_read[314]
p:instruction_read[315]
p:instruction_read[316]
p:instruction_read[317]
p:instruction_read[318]
p:instruction_read[319]
p:instruction_read[320]
p:instruction_read[321]
p:instruction_read[322]
p:instruction_read[323]
p:instruction_read[324]
p:instruction_read[325]
p:instruction_read[326]
p:instruction_read[327]
p:instruction_read[328]
p:instruction_read[329]
p:instruction_read[330]
p:instruction_read[331]
p:instruction_read[332]
p:instruction_read[333]
p:instruction_read[334]
p:instruction_read[335]
p:instruction_read[336]
p:instruction_read[337]
p:instruction_read[338]
p:instruction_read[339]
p:instruction_read[340]
p:instruction_read[341]
p:instruction_read[342]
p:instruction_read[343]
p:instruction_read[344]
p:instruction_read[345]
p:instruction_read[346]
p:instruction_read[347]
p:instruction_read[348]
p:instruction_read[349]
p:instruction_read[350]
p:instruction_read[351]
p:instruction_read[352]
p:instruction_read[353]
p:instruction_read[354]
p:instruction_read[355]
p:instruction_read[356]
p:instruction_read[357]
p:instruction_read[358]
p:instruction_read[359]
p:instruction_read[360]
p:instruction_read[361]
p:instruction_read[362]
p:instruction_read[363]
p:instruction_read[364]
p:instruction_read[365]
p:instruction_read[366]
p:instruction_read[367]
p:instruction_read[368]
p:instruction_read[369]
p:instruction_read[370]
p:instruction_read[371]
p:instruction_read[372]
p:instruction_read[373]
p:instruction_read[374]
p:instruction_read[375]
p:instruction_read[376]
p:instruction_read[377]
p:instruction_read[378]
p:instruction_read[379]
p:instruction_read[380]
p:instruction_read[381]
p:instruction_read[382]
p:instruction_read[383]
p:instruction_read[384]
p:instruction_read[385]
p:instruction_read[386]
p:instruction_read[387]
p:instruction_read[388]
p:instruction_read[389]
p:instruction_read[390]
p:instruction_read[391]
p:instruction_read[392]
p:instruction_read[393]
p:instruction_read[394]
p:instruction_read[395]
p:instruction_read[396]
p:instruction_read[397]
p:instruction_read[398]
p:instruction_read[399]
p:instruction_read[400]
p:instruction_read[401]
p:instruction_read[402]
p:instruction_read[403]
p:instruction_read[404]
p:instruction_read[405]
p:instruction_read[406]
p:instruction_read[407]
p:instruction_read[408]
p:instruction_read[409]
p:instruction_read[410]
p:instruction_read[411]
p:instruction_read[412]
p:instruction_read[413]
p:instruction_read[414]
p:instruction_read[415]
p:instruction_read[416]
p:instruction_read[417]
p:instruction_read[418]
p:instruction_read[419]
p:instruction_read[420]
p:instruction_read[421]
p:instruction_read[422]
p:instruction_read[423]
p:instruction_read[424]
p:instruction_read[425]
p:instruction_read[426]
p:instruction_read[427]
p:instruction_read[428]
p:instruction_read[429]
p:instruction_read[430]
p:instruction_read[431]
p:instruction_read[432]
p:instruction_read[433]
p:instruction_read[434]
p:instruction_read[435]
p:instruction_read[436]
p:instruction_read[437]
p:instruction_read[438]
p:instruction_read[439]
p:instruction_read[440]
p:instruction_read[441]
p:instruction_read[442]
p:instruction_read[443]
p:instruction_read[444]
p:instruction_read[445]
p:instruction_read[446]
p:instruction_read[447]
p:instruction_read[448]
p:instruction_read[449]
p:instruction_read[450]
p:instruction_read[451]
p:instruction_read[452]
p:instruction_read[453]
p:instruction_read[454]
p:instruction_read[455]
p:instruction_read[456]
p:instruction_read[457]
p:instruction_read[458]
p:instruction_read[459]
p:instruction_read[460]
p:instruction_read[461]
p:instruction_read[462]
p:instruction_read[463]
p:instruction_read[464]
p:instruction_read[465]
p:instruction_read[466]
p:instruction_read[467]
p:instruction_read[468]
p:instruction_read[469]
p:instruction_read[470]
p:instruction_read[471]
p:instruction_read[472]
p:instruction_read[473]
p:instruction_read[474]
p:instruction_read[475]
p:instruction_read[476]
p:instruction_read[477]
p:instruction_read[478]
p:instruction_read[479]
p:instruction_read[480]
p:instruction_read[481]
p:instruction_read[482]
p:instruction_read[483]
p:instruction_read[484]
p:instruction_read[485]
p:instruction_read[486]
p:instruction_read[487]
p:instruction_read[488]
p:instruction_read[489]
p:instruction_read[490]
p:instruction_read[491]
p:instruction_read[492]
p:instruction_read[493]
p:instruction_read[494]
p:instruction_read[495]
p:instruction_read[496]
p:instruction_read[497]
p:instruction_read[498]
p:instruction_read[499]
p:instruction_read[500]
p:instruction_read[501]
p:instruction_read[502]
p:instruction_read[503]
p:instruction_read[504]
p:instruction_read[505]
p:instruction_read[506]
p:instruction_read[507]
p:instruction_read[508]
p:instruction_read[509]
p:instruction_read[510]
p:instruction_read[511]
p:instruction_read[512]
p:instruction_read[513]
p:instruction_read[514]
p:instruction_read[515]
p:instruction_read[516]
p:instruction_read[517]
p:instruction_read[518]
p:instruction_read[519]
p:instruction_read[520]
p:instruction_read[521]
p:instruction_read[522]
p:instruction_read[523]
p:instruction_read[524]
p:instruction_read[525]
p:instruction_read[526]
p:instruction_read[527]
p:instruction_read[528]
p:instruction_read[529]
p:instruction_read[530]
p:instruction_read[531]
p:instruction_read[532]
p:instruction_read[533]
p:instruction_read[534]
p:instruction_read[535]
p:instruction_read[536]
p:instruction_read[537]
p:instruction_read[538]
p:instruction_read[539]
p:instruction_read[540]
p:instruction_read[541]
p:instruction_read[542]
p:instruction_read[543]
p:instruction_read[544]
p:instruction_read[545]
p:instruction_read[546]
p:instruction_read[547]
p:instruction_read[548]
p:instruction_read[549]
p:instruction_read[550]
p:instruction_read[551]
p:instruction_read[552]
p:instruction_read[553]
p:instruction_read[554]
p:instruction_read[555]
p:instruction_read[556]
p:instruction_read[557]
p:instruction_read[558]
p:instruction_read[559]
p:instruction_read[560]
p:instruction_read[561]
p:instruction_read[562]
p:instruction_read[563]
p:instruction_read[564]
p:instruction_read[565]
p:instruction_read[566]
p:instruction_read[567]
p:instruction_read[568]
p:instruction_read[569]
p:instruction_read[570]
p:instruction_read[571]
p:instruction_read[572]
p:instruction_read[573]
p:instruction_read[574]
p:instruction_read[575]
p:phit_acc_shader[0]
p:phit_acc_shader[1]
p:phit_acc_shader[2]
p:phit_acc_shader[3]
p:phit_acc_shader[4]
p:phit_acc_shader[5]
p:phit_acc_shader[6]
p:phit_acc_shader[7]
p:phit_acc_shader[8]
p:phit_acc_shader[9]
p:phit_acc_shader[10]
p:phit_acc_shader[11]
p:phit_acc_shader[12]
p:phit_acc_shader[13]
p:phit_acc_shader[14]
p:phit_acc_shader[15]
p:phit_acc_shader[16]
p:phit_acc_shader[17]
p:phit_acc_shader[18]
p:phit_acc_shader[19]
p:phit_acc_shader[20]
p:phit_acc_shader[21]
p:phit_acc_shader[22]
p:phit_acc_shader[23]
p:phit_acc_shader[24]
p:phit_acc_shader[25]
p:phit_acc_shader[26]
p:phit_acc_shader[27]
p:phit_acc_shader[28]
p:phit_acc_shader[29]
p:phit_acc_shader[30]
p:phit_acc_shader[31]
p:phit_acc_shader[32]
p:phit_acc_shader[33]
p:phit_acc_shader[34]
p:phit_acc_shader[35]
p:phit_acc_shader[36]
p:phit_acc_shader[37]
p:phit_acc_shader[38]
p:phit_acc_shader[39]
p:phit_acc_shader[40]
p:phit_acc_shader[41]
p:phit_acc_shader[42]
p:phit_acc_shader[43]
p:phit_acc_shader[44]
p:phit_acc_shader[45]
p:phit_acc_shader[46]
p:phit_acc_shader[47]
p:phit_acc_shader[48]
p:phit_acc_shader[49]
p:phit_acc_shader[50]
p:phit_acc_shader[51]
p:phit_acc_shader[52]
p:phit_acc_shader[53]
p:phit_acc_shader[54]
p:phit_acc_shader[55]
p:phit_acc_shader[56]
p:phit_acc_shader[57]
p:phit_acc_shader[58]
p:phit_acc_shader[59]
p:phit_acc_shader[60]
p:phit_acc_shader[61]
p:phit_acc_shader[62]
p:phit_acc_shader[63]
p:phit_acc_shader[64]
p:phit_acc_shader[65]
p:phit_acc_shader[66]
p:phit_acc_shader[67]
p:phit_acc_shader[68]
p:phit_acc_shader[69]
p:phit_acc_shader[70]
p:phit_acc_shader[71]
p:phit_acc_shader[72]
p:phit_acc_shader[73]
p:phit_acc_shader[74]
p:phit_acc_shader[75]
p:phit_acc_shader[76]
p:phit_acc_shader[77]
p:phit_acc_shader[78]
p:phit_acc_shader[79]
p:phit_acc_shader[80]
p:phit_acc_shader[81]
p:phit_acc_shader[82]
p:phit_acc_shader[83]
p:phit_acc_shader[84]
p:phit_acc_shader[85]
p:phit_acc_shader[86]
p:phit_acc_shader[87]
p:phit_acc_shader[88]
p:phit_acc_shader[89]
p:phit_acc_shader[90]
p:phit_acc_shader[91]
p:phit_acc_shader[92]
p:phit_acc_shader[93]
p:phit_acc_shader[94]
p:phit_acc_shader[95]
p:phit_hitb_acc[0]
p:phit_hitb_acc[1]
p:phit_hitb_acc[2]
p:phit_hitb_acc[3]
p:phit_hitb_acc[4]
p:phit_hitb_acc[5]
p:phit_hitb_acc[6]
p:phit_hitb_acc[7]
p:phit_hitb_acc[8]
p:phit_hitb_acc[9]
p:phit_hitb_acc[10]
p:phit_hitb_acc[11]
p:phit_hitb_acc[12]
p:phit_hitb_acc[13]
p:phit_hitb_acc[14]
p:phit_hitb_acc[15]
p:phit_hitb_acc[16]
p:phit_hitb_acc[17]
p:phit_hitb_acc[18]
p:phit_hitb_acc[19]
p:phit_hitb_acc[20]
p:phit_hitb_acc[21]
p:phit_hitb_acc[22]
p:phit_hitb_acc[23]
p:phit_hitb_acc[24]
p:phit_hitb_acc[25]
p:phit_hitb_acc[26]
p:phit_hitb_acc[27]
p:phit_hitb_acc[28]
p:phit_hitb_acc[29]
p:phit_hitb_acc[30]
p:phit_hitb_acc[31]
p:phit_hitb_acc[32]
p:phit_hitb_acc[33]
p:phit_hitb_acc[34]
p:phit_hitb_acc[35]
p:phit_hitb_acc[36]
p:phit_hitb_acc[37]
p:phit_hitb_acc[38]
p:phit_hitb_acc[39]
p:phit_hitb_acc[40]
p:phit_hitb_acc[41]
p:phit_hitb_acc[42]
p:phit_hitb_acc[43]
p:phit_hitb_acc[44]
p:phit_hitb_acc[45]
p:phit_hitb_acc[46]
p:phit_hitb_acc[47]
p:phit_hitb_acc[48]
p:phit_hitb_acc[49]
p:phit_hitb_acc[50]
p:phit_hitb_acc[51]
p:phit_hitb_acc[52]
p:phit_hitb_acc[53]
p:phit_hitb_acc[54]
p:phit_hitb_acc[55]
p:phit_hitb_acc[56]
p:phit_hitb_acc[57]
p:phit_hitb_acc[58]
p:phit_hitb_acc[59]
p:phit_hitb_acc[60]
p:phit_hitb_acc[61]
p:phit_hitb_acc[62]
p:phit_hitb_acc[63]
p:phit_hitb_acc[64]
p:phit_hitb_acc[65]
p:phit_hitb_acc[66]
p:phit_hitb_acc[67]
p:phit_hitb_acc[68]
p:phit_hitb_acc[69]
p:phit_hitb_acc[70]
p:phit_hitb_acc[71]
p:phit_hitb_acc[72]
p:phit_hitb_acc[73]
p:phit_hitb_acc[74]
p:phit_hitb_acc[75]
p:phit_hitb_acc[76]
p:phit_hitb_acc[77]
p:phit_hitb_acc[78]
p:phit_hitb_acc[79]
p:phit_hitb_acc[80]
p:phit_hitb_acc[81]
p:phit_hitb_acc[82]
p:phit_hitb_acc[83]
p:phit_hitb_acc[84]
p:phit_hitb_acc[85]
p:phit_hitb_acc[86]
p:phit_hitb_acc[87]
p:phit_hitb_acc[88]
p:phit_hitb_acc[89]
p:phit_hitb_acc[90]
p:phit_hitb_acc[91]
p:phit_hitb_acc[92]
p:phit_hitb_acc[93]
p:phit_hitb_acc[94]
p:phit_hitb_acc[95]
p:ray_in[0]
p:ray_in[1]
p:ray_in[2]
p:ray_in[3]
p:ray_in[4]
p:ray_in[5]
p:ray_in[6]
p:ray_in[7]
p:ray_in[8]
p:ray_in[9]
p:ray_in[10]
p:ray_in[11]
p:ray_in[12]
p:ray_in[13]
p:ray_in[14]
p:ray_in[15]
p:ray_in[16]
p:ray_in[17]
p:ray_in[18]
p:ray_in[19]
p:ray_in[20]
p:ray_in[21]
p:ray_in[22]
p:ray_in[23]
p:ray_in[24]
p:ray_in[25]
p:ray_in[26]
p:ray_in[27]
p:ray_in[28]
p:ray_in[29]
p:ray_in[30]
p:ray_in[31]
p:ray_in[32]
p:ray_in[33]
p:ray_in[34]
p:ray_in[35]
p:ray_in[36]
p:ray_in[37]
p:ray_in[38]
p:ray_in[39]
p:ray_in[40]
p:ray_in[41]
p:ray_in[42]
p:ray_in[43]
p:ray_in[44]
p:ray_in[45]
p:ray_in[46]
p:ray_in[47]
p:ray_in[48]
p:ray_in[49]
p:ray_in[50]
p:ray_in[51]
p:ray_in[52]
p:ray_in[53]
p:ray_in[54]
p:ray_in[55]
p:ray_in[56]
p:ray_in[57]
p:ray_in[58]
p:ray_in[59]
p:ray_in[60]
p:ray_in[61]
p:ray_in[62]
p:ray_in[63]
p:ray_in[64]
p:ray_in[65]
p:ray_in[66]
p:ray_in[67]
p:ray_in[68]
p:ray_in[69]
p:ray_in[70]
p:ray_in[71]
p:ray_in[72]
p:ray_in[73]
p:ray_in[74]
p:ray_in[75]
p:ray_in[76]
p:ray_in[77]
p:ray_in[78]
p:ray_in[79]
p:ray_in[80]
p:ray_in[81]
p:ray_in[82]
p:ray_in[83]
p:ray_in[84]
p:ray_in[85]
p:ray_in[86]
p:ray_in[87]
p:ray_in[88]
p:ray_in[89]
p:ray_in[90]
p:ray_in[91]
p:ray_in[92]
p:ray_in[93]
p:ray_in[94]
p:ray_in[95]
p:ray_in[96]
p:ray_in[97]
p:ray_in[98]
p:ray_in[99]
p:ray_in[100]
p:ray_in[101]
p:ray_in[102]
p:ray_in[103]
p:ray_in[104]
p:ray_in[105]
p:ray_in[106]
p:ray_in[107]
p:ray_in[108]
p:ray_in[109]
p:ray_in[110]
p:ray_in[111]
p:ray_in[112]
p:ray_in[113]
p:ray_in[114]
p:ray_in[115]
p:ray_in[116]
p:ray_in[117]
p:ray_in[118]
p:ray_in[119]
p:ray_in[120]
p:ray_in[121]
p:ray_in[122]
p:ray_in[123]
p:ray_in[124]
p:ray_in[125]
p:ray_in[126]
p:ray_in[127]
p:ray_in[128]
p:ray_in[129]
p:ray_in[130]
p:ray_in[131]
p:ray_in[132]
p:ray_in[133]
p:ray_in[134]
p:ray_in[135]
p:ray_in[136]
p:ray_in[137]
p:ray_in[138]
p:ray_in[139]
p:ray_in[140]
p:ray_in[141]
p:ray_in[142]
p:ray_in[143]
p:ray_in[144]
p:ray_in[145]
p:ray_in[146]
p:ray_in[147]
p:ray_in[148]
p:ray_in[149]
p:ray_in[150]
p:ray_in[151]
p:ray_in[152]
p:ray_in[153]
p:ray_in[154]
p:ray_in[155]
p:ray_in[156]
p:ray_in[157]
p:ray_in[158]
p:ray_in[159]
p:ray_in[160]
p:ray_in[161]
p:ray_in[162]
p:ray_in[163]
p:ray_in[164]
p:ray_in[165]
p:ray_in[166]
p:ray_in[167]
p:ray_in[168]
p:ray_in[169]
p:ray_in[170]
p:ray_in[171]
p:ray_in[172]
p:ray_in[173]
p:ray_in[174]
p:ray_in[175]
p:ray_in[176]
p:ray_in[177]
p:ray_in[178]
p:ray_in[179]
p:ray_in[180]
p:ray_in[181]
p:ray_in[182]
p:ray_in[183]
p:ray_in[184]
p:ray_in[185]
p:ray_in[186]
p:ray_in[187]
p:ray_in[188]
p:ray_in[189]
p:ray_in[190]
p:ray_in[191]
p:rd_acc_hitb
p:reset
p:triangle_ID_acc_shader[0]
p:triangle_ID_acc_shader[1]
p:triangle_ID_acc_shader[2]
p:triangle_ID_acc_shader[3]
p:triangle_ID_acc_shader[4]
p:triangle_ID_acc_shader[5]
p:triangle_ID_acc_shader[6]
p:triangle_ID_acc_shader[7]
p:triangle_ID_acc_shader[8]
p:triangle_ID_acc_shader[9]
p:triangle_ID_acc_shader[10]
p:triangle_ID_acc_shader[11]
p:triangle_ID_hitb_acc[0]
p:triangle_ID_hitb_acc[1]
p:triangle_ID_hitb_acc[2]
p:triangle_ID_hitb_acc[3]
p:triangle_ID_hitb_acc[4]
p:triangle_ID_hitb_acc[5]
p:triangle_ID_hitb_acc[6]
p:triangle_ID_hitb_acc[7]
p:triangle_ID_hitb_acc[8]
p:triangle_ID_hitb_acc[9]
p:triangle_ID_hitb_acc[10]
p:triangle_ID_hitb_acc[11]
p:wr_acc_shader


Inapplicable constraints
************************

(none)


Applicable constraints with issues
**********************************

(none)


Constraints with matching wildcard expressions
**********************************************

(none)


Library Report
**************


# End of Constraint Checker Report
