
Copyright (C) 1994-2018 Synopsys, Inc.
This Synopsys software and all associated documentation are proprietary to Synopsys, Inc.
and may only be used pursuant to the terms and conditions of a written license agreement
with Synopsys, Inc. All other use, reproduction, modification, or distribution of the
Synopsys software or the associated documentation is strictly prohibited.
Tool: Synplify (R) Premier
Build: O-2018.09-SP1
Install: /vol/synopsys/fpga/O-2018.09-SP1
OS: Red Hat Enterprise Linux 8.7 (Ootpa)
Hostname: joker.ece.northwestern.edu
max virtual memory: unlimited (bytes)
max user processes: 62382
max stack size: 8388608 (bytes)


Implementation : rev_1

# Written on Mon May  8 14:55:15 2023

##### FILES SYNTAX CHECKED ##############################################
Constraint File(s):      (none)

#Run constraint checker to find more issues with constraints.
#########################################################################



No issues found in constraint syntax.



Clock Summary
*************

          Start                Requested     Requested     Clock        Clock                     Clock
Level     Clock                Frequency     Period        Type         Group                     Load 
-------------------------------------------------------------------------------------------------------
0 -       accumulate|clock     229.9 MHz     4.350         inferred     Autoconstr_clkgroup_0     393  
=======================================================================================================


Clock Load Summary
******************

                     Clock     Source          Clock Pin                   Non-clock Pin     Non-clock Pin
Clock                Load      Pin             Seq Example                 Seq Example       Comb Example 
----------------------------------------------------------------------------------------------------------
accumulate|clock     393       clock(port)     read_p_hit\[0\][31:0].C     -                 -            
==========================================================================================================
