
		#####  BEGIN RETIMING REPORT  #####

Retiming summary : 129 registers retimed to 250

Original and Pipelined registers replaced by retiming :
		P_HIT0.normal_fifo.genblk1\[0\]\.u_fifo.empty
		P_HIT0.normal_fifo.genblk1\[1\]\.u_fifo.empty
		P_HIT0.normal_fifo.genblk1\[2\]\.u_fifo.empty
		P_HIT0.origin_fifo.genblk1\[0\]\.u_fifo.empty
		P_HIT0.origin_fifo.genblk1\[1\]\.u_fifo.empty
		P_HIT0.origin_fifo.genblk1\[2\]\.u_fifo.empty
		P_HIT0.u_fifo.empty
		P_HIT0.u_p_hit_module.u_add.u_fifo_array.genblk1\[1\]\.u_fifo.empty
		P_HIT0.u_p_hit_module.u_add.u_fifo_array.genblk1\[1\]\.u_fifo.rd_addr[7]
		P_HIT0.u_p_hit_module.u_p_hit_mult.u_p_hit_1.bottom.normal_fifo.genblk1\[2\]\.u_fifo.empty
		P_HIT0.u_p_hit_module.u_p_hit_mult.u_p_hit_1.u_divide_top.u_divide_module.EAQ[32]
		P_HIT0.u_p_hit_module.u_p_hit_mult.u_p_hit_1.u_divide_top.u_divide_module.EAQ[33]
		P_HIT0.u_p_hit_module.u_p_hit_mult.u_p_hit_1.u_divide_top.u_divide_module.EAQ[34]
		P_HIT0.u_p_hit_module.u_p_hit_mult.u_p_hit_1.u_divide_top.u_divide_module.EAQ[35]
		P_HIT0.u_p_hit_module.u_p_hit_mult.u_p_hit_1.u_divide_top.u_divide_module.EAQ[36]
		P_HIT0.u_p_hit_module.u_p_hit_mult.u_p_hit_1.u_divide_top.u_divide_module.EAQ[37]
		P_HIT0.u_p_hit_module.u_p_hit_mult.u_p_hit_1.u_divide_top.u_divide_module.EAQ[38]
		P_HIT0.u_p_hit_module.u_p_hit_mult.u_p_hit_1.u_divide_top.u_divide_module.EAQ[39]
		P_HIT0.u_p_hit_module.u_p_hit_mult.u_p_hit_1.u_divide_top.u_divide_module.EAQ[40]
		P_HIT0.u_p_hit_module.u_p_hit_mult.u_p_hit_1.u_divide_top.u_divide_module.EAQ[41]
		P_HIT0.u_p_hit_module.u_p_hit_mult.u_p_hit_1.u_divide_top.u_divide_module.EAQ[42]
		P_HIT0.v0_fifo.genblk1\[0\]\.u_fifo.empty
		P_HIT0.v0_fifo.genblk1\[1\]\.u_fifo.empty
		P_HIT0.v0_fifo.genblk1\[2\]\.u_fifo.empty
		P_HIT0.v1_fifo.genblk1\[0\]\.u_fifo.empty
		P_HIT0.v1_fifo.genblk1\[1\]\.u_fifo.empty
		P_HIT0.v1_fifo.genblk1\[2\]\.u_fifo.empty
		P_HIT0.v2_fifo.genblk1\[0\]\.u_fifo.empty
		P_HIT0.v2_fifo.genblk1\[1\]\.u_fifo.empty
		P_HIT0.v2_fifo.genblk1\[2\]\.u_fifo.empty
		STREAMER0.out_wr_en
		STREAMER0.state[0]
		STREAMER0.state[1]

New registers created by retiming :
		HIT_BOOL0.normal_in_array.genblk1[0].u_fifo.rd_addr_ret
		HIT_BOOL0.normal_in_array.genblk1[0].u_fifo.rd_addr_ret_0
		HIT_BOOL0.normal_in_array.genblk1[0].u_fifo.rd_addr_ret_1
		HIT_BOOL0.normal_in_array.genblk1[0].u_fifo.rd_addr_ret_2
		HIT_BOOL0.normal_in_array.genblk1[1].u_fifo.rd_addr_ret
		HIT_BOOL0.normal_in_array.genblk1[1].u_fifo.rd_addr_ret_0
		HIT_BOOL0.normal_in_array.genblk1[1].u_fifo.rd_addr_ret_1
		HIT_BOOL0.normal_in_array.genblk1[1].u_fifo.rd_addr_ret_2
		HIT_BOOL0.normal_in_array.genblk1[1].u_fifo.rd_addr_ret_3
		HIT_BOOL0.normal_in_array.genblk1[2].u_fifo.rd_addr_ret
		HIT_BOOL0.normal_in_array.genblk1[2].u_fifo.rd_addr_ret_0
		HIT_BOOL0.rd_addr_ret
		HIT_BOOL0.rd_addr_ret_0
		HIT_BOOL0.u_calc_fifo_array.genblk1[0].u_fifo.rd_addr_ret
		HIT_BOOL0.u_calc_fifo_array.genblk1[0].u_fifo.rd_addr_ret_0
		HIT_BOOL0.u_calc_fifo_array.genblk1[0].u_fifo.rd_addr_ret_1
		HIT_BOOL0.u_calc_fifo_array.genblk1[1].u_fifo.rd_addr_ret
		HIT_BOOL0.u_p_hit_fifo_array.genblk1[1].u_fifo.rd_addr_ret
		HIT_BOOL0.u_p_hit_fifo_array.genblk1[1].u_fifo.rd_addr_ret_0
		HIT_BOOL0.u_p_hit_fifo_array.genblk1[2].u_fifo.rd_addr_ret
		HIT_BOOL0.u_p_hit_fifo_array.genblk1[2].u_fifo.rd_addr_ret_0
		HIT_BOOL0.u_ray_origin_fifo.genblk1[0].u_fifo.rd_addr_ret
		HIT_BOOL0.u_ray_origin_fifo.genblk1[0].u_fifo.rd_addr_ret_0
		HIT_BOOL0.u_ray_origin_fifo.genblk1[1].u_fifo.rd_addr_ret
		HIT_BOOL0.u_ray_origin_fifo.genblk1[1].u_fifo.rd_addr_ret_0
		HIT_BOOL0.u_ray_origin_fifo.genblk1[2].u_fifo.rd_addr_ret
		HIT_BOOL0.u_ray_origin_fifo.genblk1[2].u_fifo.rd_addr_ret_0
		HIT_BOOL0.u_sub_4.u_fifo_array.genblk1[0].u_fifo.rd_addr_ret
		HIT_BOOL0.u_tri_id_fifo.rd_addr_ret
		HIT_BOOL0.u_tri_id_fifo.rd_addr_ret_0
		HIT_BOOL0.u_tri_id_fifo.rd_addr_ret_1
		HIT_BOOL0.u_tri_id_fifo.rd_addr_ret_2
		HIT_BOOL0.v0_fifo_array.genblk1[0].u_fifo.rd_addr_ret
		HIT_BOOL0.v0_fifo_array.genblk1[1].u_fifo.rd_addr_ret
		HIT_BOOL0.v0_fifo_array.genblk1[1].u_fifo.rd_addr_ret_0
		HIT_BOOL0.v0_fifo_array.genblk1[1].u_fifo.rd_addr_ret_1
		HIT_BOOL0.v0_fifo_array.genblk1[2].u_fifo.rd_addr_ret
		HIT_BOOL0.v1_fifo_array.genblk1[0].u_fifo.rd_addr_ret
		HIT_BOOL0.v1_fifo_array.genblk1[0].u_fifo.rd_addr_ret_0
		HIT_BOOL0.v1_fifo_array.genblk1[0].u_fifo.rd_addr_ret_1
		HIT_BOOL0.v1_fifo_array.genblk1[1].u_fifo.rd_addr_ret
		HIT_BOOL0.v1_fifo_array.genblk1[1].u_fifo.rd_addr_ret_0
		HIT_BOOL0.v1_fifo_array.genblk1[1].u_fifo.rd_addr_ret_1
		HIT_BOOL0.v1_fifo_array.genblk1[2].u_fifo.rd_addr_ret
		HIT_BOOL0.v1_fifo_array.genblk1[2].u_fifo.rd_addr_ret_0
		HIT_BOOL0.v2_fifo_array.genblk1[0].u_fifo.rd_addr_ret
		HIT_BOOL0.v2_fifo_array.genblk1[1].u_fifo.rd_addr_ret
		HIT_BOOL0.v2_fifo_array.genblk1[1].u_fifo.rd_addr_ret_0
		HIT_BOOL0.v2_fifo_array.genblk1[1].u_fifo.rd_addr_ret_1
		HIT_BOOL0.v2_fifo_array.genblk1[1].u_fifo.rd_addr_ret_2
		HIT_BOOL0.v2_fifo_array.genblk1[1].u_fifo.rd_addr_ret_3
		HIT_BOOL0.v2_fifo_array.genblk1[2].u_fifo.rd_addr_ret
		HIT_BOOL0.v2_fifo_array.genblk1[2].u_fifo.rd_addr_ret_0
		P_HIT0.normal_fifo.genblk1[0].u_fifo.empty_ret
		P_HIT0.normal_fifo.genblk1[0].u_fifo.empty_ret_1
		P_HIT0.normal_fifo.genblk1[0].u_fifo.empty_ret_2
		P_HIT0.normal_fifo.genblk1[0].u_fifo.empty_ret_3
		P_HIT0.normal_fifo.genblk1[0].u_fifo.empty_ret_4
		P_HIT0.normal_fifo.genblk1[0].u_fifo.empty_ret_5
		P_HIT0.normal_fifo.genblk1[1].u_fifo.empty_ret
		P_HIT0.normal_fifo.genblk1[1].u_fifo.empty_ret_1
		P_HIT0.normal_fifo.genblk1[1].u_fifo.empty_ret_2
		P_HIT0.normal_fifo.genblk1[1].u_fifo.empty_ret_3
		P_HIT0.normal_fifo.genblk1[1].u_fifo.empty_ret_4
		P_HIT0.normal_fifo.genblk1[1].u_fifo.empty_ret_5
		P_HIT0.normal_fifo.genblk1[2].u_fifo.empty_ret
		P_HIT0.normal_fifo.genblk1[2].u_fifo.empty_ret_1
		P_HIT0.normal_fifo.genblk1[2].u_fifo.empty_ret_2
		P_HIT0.normal_fifo.genblk1[2].u_fifo.empty_ret_3
		P_HIT0.normal_fifo.genblk1[2].u_fifo.empty_ret_4
		P_HIT0.normal_fifo.genblk1[2].u_fifo.empty_ret_5
		P_HIT0.origin_fifo.genblk1[0].u_fifo.empty_ret
		P_HIT0.origin_fifo.genblk1[0].u_fifo.empty_ret_1
		P_HIT0.origin_fifo.genblk1[0].u_fifo.empty_ret_2
		P_HIT0.origin_fifo.genblk1[0].u_fifo.empty_ret_3
		P_HIT0.origin_fifo.genblk1[0].u_fifo.empty_ret_4
		P_HIT0.origin_fifo.genblk1[0].u_fifo.empty_ret_5
		P_HIT0.origin_fifo.genblk1[1].u_fifo.empty_ret
		P_HIT0.origin_fifo.genblk1[1].u_fifo.empty_ret_1
		P_HIT0.origin_fifo.genblk1[1].u_fifo.empty_ret_2
		P_HIT0.origin_fifo.genblk1[1].u_fifo.empty_ret_3
		P_HIT0.origin_fifo.genblk1[1].u_fifo.empty_ret_4
		P_HIT0.origin_fifo.genblk1[1].u_fifo.empty_ret_5
		P_HIT0.origin_fifo.genblk1[2].u_fifo.empty_ret
		P_HIT0.origin_fifo.genblk1[2].u_fifo.empty_ret_1
		P_HIT0.origin_fifo.genblk1[2].u_fifo.empty_ret_2
		P_HIT0.origin_fifo.genblk1[2].u_fifo.empty_ret_3
		P_HIT0.origin_fifo.genblk1[2].u_fifo.empty_ret_4
		P_HIT0.origin_fifo.genblk1[2].u_fifo.empty_ret_5
		P_HIT0.u_fifo.empty_ret
		P_HIT0.u_fifo.empty_ret_1
		P_HIT0.u_fifo.empty_ret_2
		P_HIT0.u_fifo.empty_ret_3
		P_HIT0.u_fifo.empty_ret_4
		P_HIT0.u_fifo.empty_ret_5
		P_HIT0.u_p_hit_module.u_add.u_fifo_array.genblk1[1].u_fifo.empty_ret
		P_HIT0.u_p_hit_module.u_add.u_fifo_array.genblk1[1].u_fifo.empty_ret_1
		P_HIT0.u_p_hit_module.u_add.u_fifo_array.genblk1[1].u_fifo.empty_ret_2
		P_HIT0.u_p_hit_module.u_add.u_fifo_array.genblk1[1].u_fifo.empty_ret_3
		P_HIT0.u_p_hit_module.u_add.u_fifo_array.genblk1[1].u_fifo.empty_ret_4
		P_HIT0.u_p_hit_module.u_p_hit_mult.u_p_hit_1.bottom.dir_fifo.genblk1[2].u_fifo.rd_addr_ret
		P_HIT0.u_p_hit_module.u_p_hit_mult.u_p_hit_1.bottom.normal_fifo.genblk1[2].u_fifo.empty_ret
		P_HIT0.u_p_hit_module.u_p_hit_mult.u_p_hit_1.bottom.normal_fifo.genblk1[2].u_fifo.empty_ret_1
		P_HIT0.u_p_hit_module.u_p_hit_mult.u_p_hit_1.bottom.normal_fifo.genblk1[2].u_fifo.empty_ret_2
		P_HIT0.u_p_hit_module.u_p_hit_mult.u_p_hit_1.bottom.normal_fifo.genblk1[2].u_fifo.empty_ret_3
		P_HIT0.u_p_hit_module.u_p_hit_mult.u_p_hit_1.bottom.normal_fifo.genblk1[2].u_fifo.empty_ret_4
		P_HIT0.u_p_hit_module.u_p_hit_mult.u_p_hit_1.top.u_p_hit_fifo_in_pt1.tri_normal_fifo.genblk1[0].u_fifo.rd_addr_ret
		P_HIT0.u_p_hit_module.u_p_hit_mult.u_p_hit_1.u_divide_top.u_divide_module.EAQ_ret
		P_HIT0.u_p_hit_module.u_p_hit_mult.u_p_hit_1.u_divide_top.u_divide_module.EAQ_ret_0
		P_HIT0.u_p_hit_module.u_p_hit_mult.u_p_hit_1.u_divide_top.u_divide_module.EAQ_ret_1
		P_HIT0.u_p_hit_module.u_p_hit_mult.u_p_hit_1.u_divide_top.u_divide_module.EAQ_ret_2
		P_HIT0.u_p_hit_module.u_p_hit_mult.u_p_hit_1.u_divide_top.u_divide_module.EAQ_ret_3
		P_HIT0.u_p_hit_module.u_p_hit_mult.u_p_hit_1.u_divide_top.u_divide_module.EAQ_ret_4
		P_HIT0.u_p_hit_module.u_p_hit_mult.u_p_hit_1.u_divide_top.u_divide_module.EAQ_ret_5
		P_HIT0.u_p_hit_module.u_p_hit_mult.u_p_hit_1.u_divide_top.u_divide_module.EAQ_ret_6
		P_HIT0.u_p_hit_module.u_p_hit_mult.u_p_hit_1.u_divide_top.u_divide_module.EAQ_ret_7
		P_HIT0.u_p_hit_module.u_p_hit_mult.u_p_hit_1.u_divide_top.u_divide_module.EAQ_ret_8
		P_HIT0.u_p_hit_module.u_p_hit_mult.u_p_hit_1.u_divide_top.u_divide_module.EAQ_ret_9
		P_HIT0.u_p_hit_module.u_p_hit_mult.u_p_hit_1.u_divide_top.u_divide_module.EAQ_ret_10
		P_HIT0.u_p_hit_module.u_p_hit_mult.u_p_hit_1.u_divide_top.u_divide_module.EAQ_ret_11
		P_HIT0.u_p_hit_module.u_p_hit_mult.u_p_hit_1.u_divide_top.u_divide_module.EAQ_ret_12
		P_HIT0.u_p_hit_module.u_p_hit_mult.u_p_hit_1.u_divide_top.u_divide_module.EAQ_ret_13
		P_HIT0.u_p_hit_module.u_p_hit_mult.u_p_hit_1.u_divide_top.u_divide_module.EAQ_ret_14
		P_HIT0.u_p_hit_module.u_p_hit_mult.u_p_hit_1.u_divide_top.u_divide_module.EAQ_ret_15
		P_HIT0.u_p_hit_module.u_p_hit_mult.u_p_hit_1.u_divide_top.u_divide_module.EAQ_ret_16
		P_HIT0.u_p_hit_module.u_p_hit_mult.u_p_hit_1.u_divide_top.u_divide_module.EAQ_ret_17
		P_HIT0.u_p_hit_module.u_p_hit_mult.u_p_hit_1.u_divide_top.u_divide_module.EAQ_ret_18
		P_HIT0.u_p_hit_module.u_p_hit_mult.u_p_hit_1.u_divide_top.u_divide_module.EAQ_ret_19
		P_HIT0.u_p_hit_module.u_p_hit_mult.u_p_hit_1.u_divide_top.u_divide_module.EAQ_ret_20
		P_HIT0.u_p_hit_module.u_p_hit_mult.u_p_hit_1.u_divide_top.u_divide_module.EAQ_ret_23
		P_HIT0.u_p_hit_module.u_p_hit_mult.u_p_hit_1.u_divide_top.u_divide_module.EAQ_ret_24
		P_HIT0.u_p_hit_module.u_p_hit_mult.u_p_hit_1.u_divide_top.u_divide_module.EAQ_ret_25
		P_HIT0.u_p_hit_module.u_p_hit_mult.u_p_hit_1.u_divide_top.u_divide_module.EAQ_ret_26
		P_HIT0.v0_fifo.genblk1[0].u_fifo.empty_ret
		P_HIT0.v0_fifo.genblk1[0].u_fifo.empty_ret_1
		P_HIT0.v0_fifo.genblk1[0].u_fifo.empty_ret_2
		P_HIT0.v0_fifo.genblk1[0].u_fifo.empty_ret_3
		P_HIT0.v0_fifo.genblk1[0].u_fifo.empty_ret_4
		P_HIT0.v0_fifo.genblk1[0].u_fifo.empty_ret_5
		P_HIT0.v0_fifo.genblk1[1].u_fifo.empty_ret
		P_HIT0.v0_fifo.genblk1[1].u_fifo.empty_ret_1
		P_HIT0.v0_fifo.genblk1[1].u_fifo.empty_ret_2
		P_HIT0.v0_fifo.genblk1[1].u_fifo.empty_ret_3
		P_HIT0.v0_fifo.genblk1[1].u_fifo.empty_ret_4
		P_HIT0.v0_fifo.genblk1[1].u_fifo.empty_ret_5
		P_HIT0.v0_fifo.genblk1[2].u_fifo.empty_ret
		P_HIT0.v0_fifo.genblk1[2].u_fifo.empty_ret_1
		P_HIT0.v0_fifo.genblk1[2].u_fifo.empty_ret_2
		P_HIT0.v0_fifo.genblk1[2].u_fifo.empty_ret_3
		P_HIT0.v0_fifo.genblk1[2].u_fifo.empty_ret_4
		P_HIT0.v0_fifo.genblk1[2].u_fifo.empty_ret_5
		P_HIT0.v1_fifo.genblk1[0].u_fifo.empty_ret
		P_HIT0.v1_fifo.genblk1[0].u_fifo.empty_ret_1
		P_HIT0.v1_fifo.genblk1[0].u_fifo.empty_ret_2
		P_HIT0.v1_fifo.genblk1[0].u_fifo.empty_ret_3
		P_HIT0.v1_fifo.genblk1[0].u_fifo.empty_ret_4
		P_HIT0.v1_fifo.genblk1[0].u_fifo.empty_ret_5
		P_HIT0.v1_fifo.genblk1[1].u_fifo.empty_ret
		P_HIT0.v1_fifo.genblk1[1].u_fifo.empty_ret_1
		P_HIT0.v1_fifo.genblk1[1].u_fifo.empty_ret_2
		P_HIT0.v1_fifo.genblk1[1].u_fifo.empty_ret_3
		P_HIT0.v1_fifo.genblk1[1].u_fifo.empty_ret_4
		P_HIT0.v1_fifo.genblk1[1].u_fifo.empty_ret_5
		P_HIT0.v1_fifo.genblk1[2].u_fifo.empty_ret
		P_HIT0.v1_fifo.genblk1[2].u_fifo.empty_ret_1
		P_HIT0.v1_fifo.genblk1[2].u_fifo.empty_ret_2
		P_HIT0.v1_fifo.genblk1[2].u_fifo.empty_ret_3
		P_HIT0.v1_fifo.genblk1[2].u_fifo.empty_ret_4
		P_HIT0.v1_fifo.genblk1[2].u_fifo.empty_ret_5
		P_HIT0.v2_fifo.genblk1[0].u_fifo.empty_ret
		P_HIT0.v2_fifo.genblk1[0].u_fifo.empty_ret_1
		P_HIT0.v2_fifo.genblk1[0].u_fifo.empty_ret_2
		P_HIT0.v2_fifo.genblk1[0].u_fifo.empty_ret_3
		P_HIT0.v2_fifo.genblk1[0].u_fifo.empty_ret_4
		P_HIT0.v2_fifo.genblk1[0].u_fifo.empty_ret_5
		P_HIT0.v2_fifo.genblk1[1].u_fifo.empty_ret
		P_HIT0.v2_fifo.genblk1[1].u_fifo.empty_ret_1
		P_HIT0.v2_fifo.genblk1[1].u_fifo.empty_ret_2
		P_HIT0.v2_fifo.genblk1[1].u_fifo.empty_ret_3
		P_HIT0.v2_fifo.genblk1[1].u_fifo.empty_ret_4
		P_HIT0.v2_fifo.genblk1[1].u_fifo.empty_ret_5
		P_HIT0.v2_fifo.genblk1[2].u_fifo.empty_ret
		P_HIT0.v2_fifo.genblk1[2].u_fifo.empty_ret_1
		P_HIT0.v2_fifo.genblk1[2].u_fifo.empty_ret_2
		P_HIT0.v2_fifo.genblk1[2].u_fifo.empty_ret_3
		P_HIT0.v2_fifo.genblk1[2].u_fifo.empty_ret_4
		P_HIT0.v2_fifo.genblk1[2].u_fifo.empty_ret_5
		STREAMER0.out_wr_en_ret
		STREAMER0.out_wr_en_ret_1
		STREAMER0.out_wr_en_ret_2
		STREAMER0.out_wr_en_ret_3
		STREAMER0.state_ret_1
		STREAMER0.state_ret_2
		STREAMER0.state_ret_3
		STREAMER0.state_ret_4
		STREAMER0.state_ret_7


		#####   END RETIMING REPORT  #####

